[1,4]<stdout>:nccl-tests-gdr-16-worker-0:46:99 [4] NCCL INFO Trees [0] 5/-1/-1->4->3 [1] 3/-1/-1->4->5 [2] 5/-1/-1->4->3 [3] -1/-1/-1->4->5 [4] 5/12/-1->4->-1 [5] 3/-1/-1->4->5 [6] 5/-1/-1->4->3 [7] 3/-1/-1->4->5 [8] 5/-1/-1->4->3 [9] 3/-1/-1->4->5 [10] 5/-1/-1->4->3 [11] -1/-1/-1->4->5 [12] 5/-1/-1->4->12 [13] 3/-1/-1->4->5 [14] 5/-1/-1->4->3 [15] 3/-1/-1->4->5 [16] 5/-1/-1->4->3 [17] 3/-1/-1->4->5 [18] 5/-1/-1->4->3 [19] -1/-1/-1->4->5 [20] 5/12/-1->4->-1 [21] 3/-1/-1->4->5 [22] 5/-1/-1->4->3 [23] 3/-1/-1->4->5 [24] 5/-1/-1->4->3 [25] 3/-1/-1->4->5 [26] 5/-1/-1->4->3 [27] -1/-1/-1->4->5 [28] 5/-1/-1->4->12 [29] 3/-1/-1->4->5 [30] 5/-1/-1->4->3 [31] 3/-1/-1->4->5
[1,4]<stdout>:nccl-tests-gdr-16-worker-0:46:99 [4] NCCL INFO P2P Chunksize set to 131072
[1,6]<stdout>:nccl-tests-gdr-16-worker-0:49:103 [6] NCCL INFO NVLS Head  0:  0  8
[1,6]<stdout>:nccl-tests-gdr-16-worker-0:49:103 [6] NCCL INFO NVLS Head  1:  1  9
[1,6]<stdout>:nccl-tests-gdr-16-worker-0:49:103 [6] NCCL INFO NVLS Head  2:  2 10
[1,6]<stdout>:nccl-tests-gdr-16-worker-0:49:103 [6] NCCL INFO NVLS Head  3:  3 11
[1,6]<stdout>:nccl-tests-gdr-16-worker-0:49:103 [6] NCCL INFO NVLS Head  4:  4 12
[1,6]<stdout>:nccl-tests-gdr-16-worker-0:49:103 [6] NCCL INFO NVLS Head  5:  5 13
[1,6]<stdout>:nccl-tests-gdr-16-worker-0:49:103 [6] NCCL INFO NVLS Head  6:  6 14
[1,6]<stdout>:nccl-tests-gdr-16-worker-0:49:103 [6] NCCL INFO NVLS Head  7:  7 15
[1,6]<stdout>:nccl-tests-gdr-16-worker-0:49:103 [6] NCCL INFO Trees [0] 7/-1/-1->6->5 [1] 5/-1/-1->6->7 [2] 7/-1/-1->6->5 [3] 5/-1/-1->6->7 [4] 7/-1/-1->6->5 [5] -1/-1/-1->6->7 [6] 7/14/-1->6->-1 [7] 5/-1/-1->6->7 [8] 7/-1/-1->6->5 [9] 5/-1/-1->6->7 [10] 7/-1/-1->6->5 [11] 5/-1/-1->6->7 [12] 7/-1/-1->6->5 [13] -1/-1/-1->6->7 [14] 7/-1/-1->6->14 [15] 5/-1/-1->6->7 [16] 7/-1/-1->6->5 [17] 5/-1/-1->6->7 [18] 7/-1/-1->6->5 [19] 5/-1/-1->6->7 [20] 7/-1/-1->6->5 [21] -1/-1/-1->6->7 [22] 7/14/-1->6->-1 [23] 5/-1/-1->6->7 [24] 7/-1/-1->6->5 [25] 5/-1/-1->6->7 [26] 7/-1/-1->6->5 [27] 5/-1/-1->6->7 [28] 7/-1/-1->6->5 [29] -1/-1/-1->6->7 [30] 7/-1/-1->6->14 [31] 5/-1/-1->6->7
[1,6]<stdout>:nccl-tests-gdr-16-worker-0:49:103 [6] NCCL INFO P2P Chunksize set to 131072
[1,0]<stdout>:nccl-tests-gdr-16-worker-0:42:100 [0] NCCL INFO Channel 07/32 :    0   1   2   3   4   5   6  15   8   9  10  11  12  13  14   7
[1,0]<stdout>:nccl-tests-gdr-16-worker-0:42:100 [0] NCCL INFO Channel 08/32 :    0   7   6   5   4   3   2   1   8  15  14  13  12  11  10   9
[1,0]<stdout>:nccl-tests-gdr-16-worker-0:42:100 [0] NCCL INFO Channel 09/32 :    0   9  10  11  12  13  14  15   8   1   2   3   4   5   6   7
[1,0]<stdout>:nccl-tests-gdr-16-worker-0:42:100 [0] NCCL INFO Channel 10/32 :    0   7   6   5   4   3  10   9   8  15  14  13  12  11   2   1
[1,0]<stdout>:nccl-tests-gdr-16-worker-0:42:100 [0] NCCL INFO Channel 11/32 :    0   1   2  11  12  13  14  15   8   9  10   3   4   5   6   7
[1,0]<stdout>:nccl-tests-gdr-16-worker-0:42:100 [0] NCCL INFO Channel 12/32 :    0   7   6   5  12  11  10   9   8  15  14  13   4   3   2   1
[1,0]<stdout>:nccl-tests-gdr-16-worker-0:42:100 [0] NCCL INFO Channel 13/32 :    0   1   2   3   4  13  14  15   8   9  10  11  12   5   6   7
[1,0]<stdout>:nccl-tests-gdr-16-worker-0:42:100 [0] NCCL INFO Channel 14/32 :    0   7  14  13  12  11  10   9   8  15   6   5   4   3   2   1
[1,0]<stdout>:nccl-tests-gdr-16-worker-0:42:100 [0] NCCL INFO Channel 15/32 :    0   1   2   3   4   5   6  15   8   9  10  11  12  13  14   7
[1,0]<stdout>:nccl-tests-gdr-16-worker-0:42:100 [0] NCCL INFO Channel 16/32 :    0   7   6   5   4   3   2   1   8  15  14  13  12  11  10   9
[1,0]<stdout>:nccl-tests-gdr-16-worker-0:42:100 [0] NCCL INFO Channel 17/32 :    0   9  10  11  12  13  14  15   8   1   2   3   4   5   6   7
[1,0]<stdout>:nccl-tests-gdr-16-worker-0:42:100 [0] NCCL INFO Channel 18/32 :    0   7   6   5   4   3  10   9   8  15  14  13  12  11   2   1
[1,0]<stdout>:nccl-tests-gdr-16-worker-0:42:100 [0] NCCL INFO Channel 19/32 :    0   1   2  11  12  13  14  15   8   9  10   3   4   5   6   7
[1,0]<stdout>:nccl-tests-gdr-16-worker-0:42:100 [0] NCCL INFO Channel 20/32 :    0   7   6   5  12  11  10   9   8  15  14  13   4   3   2   1
[1,0]<stdout>:nccl-tests-gdr-16-worker-0:42:100 [0] NCCL INFO Channel 21/32 :    0   1   2   3   4  13  14  15   8   9  10  11  12   5   6   7
[1,0]<stdout>:nccl-tests-gdr-16-worker-0:42:100 [0] NCCL INFO Channel 22/32 :    0   7  14  13  12  11  10   9   8  15   6   5   4   3   2   1
[1,0]<stdout>:nccl-tests-gdr-16-worker-0:42:100 [0] NCCL INFO Channel 23/32 :    0   1   2   3   4   5   6  15   8   9  10  11  12  13  14   7
[1,0]<stdout>:nccl-tests-gdr-16-worker-0:42:100 [0] NCCL INFO Channel 24/32 :    0   7   6   5   4   3   2   1   8  15  14  13  12  11  10   9
[1,0]<stdout>:nccl-tests-gdr-16-worker-0:42:100 [0] NCCL INFO Channel 25/32 :    0   9  10  11  12  13  14  15   8   1   2   3   4   5   6   7
[1,0]<stdout>:nccl-tests-gdr-16-worker-0:42:100 [0] NCCL INFO Channel 26/32 :    0   7   6   5   4   3  10   9   8  15  14  13  12  11   2   1
[1,0]<stdout>:nccl-tests-gdr-16-worker-0:42:100 [0] NCCL INFO Channel 27/32 :    0   1   2  11  12  13  14  15   8   9  10   3   4   5   6   7
[1,0]<stdout>:nccl-tests-gdr-16-worker-0:42:100 [0] NCCL INFO Channel 28/32 :    0   7   6   5  12  11  10   9   8  15  14  13   4   3   2   1
[1,0]<stdout>:nccl-tests-gdr-16-worker-0:42:100 [0] NCCL INFO Channel 29/32 :    0   1   2   3   4  13  14  15   8   9  10  11  12   5   6   7
[1,0]<stdout>:nccl-tests-gdr-16-worker-0:42:100 [0] NCCL INFO Channel 30/32 :    0   7  14  13  12  11  10   9   8  15   6   5   4   3   2   1
[1,0]<stdout>:nccl-tests-gdr-16-worker-0:42:100 [0] NCCL INFO Channel 31/32 :    0   1   2   3   4   5   6  15   8   9  10  11  12  13  14   7
[1,0]<stdout>:nccl-tests-gdr-16-worker-0:42:100 [0] NCCL INFO Trees [0] 1/8/-1->0->-1 [1] 7/-1/-1->0->1 [2] 1/-1/-1->0->7 [3] 7/-1/-1->0->1 [4] 1/-1/-1->0->7 [5] 7/-1/-1->0->1 [6] 1/-1/-1->0->7 [7] -1/-1/-1->0->1 [8] 1/-1/-1->0->8 [9] 7/-1/-1->0->1 [10] 1/-1/-1->0->7 [11] 7/-1/-1->0->1 [12] 1/-1/-1->0->7 [13] 7/-1/-1->0->1 [14] 1/-1/-1->0->7 [15] -1/-1/-1->0->1 [16] 1/8/-1->0->-1 [17] 7/-1/-1->0->1 [18] 1/-1/-1->0->7 [19] 7/-1/-1->0->1 [20] 1/-1/-1->0->7 [21] 7/-1/-1->0->1 [22] 1/-1/-1->0->7 [23] -1/-1/-1->0->1 [24] 1/-1/-1->0->8 [25] 7/-1/-1->0->1 [26] 1/-1/-1->0->7 [27] 7/-1/-1->0->1 [28] 1/-1/-1->0->7 [29] 7/-1/-1->0->1 [30] 1/-1/-1->0->7 [31] -1/-1/-1->0->1
[1,0]<stdout>:nccl-tests-gdr-16-worker-0:42:100 [0] NCCL INFO P2P Chunksize set to 131072
[1,0]<stdout>:nccl-tests-gdr-16-worker-0:42:100 [0] NCCL INFO Channel 03/0 : 0[0] -> 1[1] via P2P/CUMEM
[1,0]<stdout>:nccl-tests-gdr-16-worker-0:42:100 [0] NCCL INFO Channel 05/0 : 0[0] -> 1[1] via P2P/CUMEM
[1,0]<stdout>:nccl-tests-gdr-16-worker-0:42:100 [0] NCCL INFO Channel 07/0 : 0[0] -> 1[1] via P2P/CUMEM
[1,0]<stdout>:nccl-tests-gdr-16-worker-0:42:100 [0] NCCL INFO Channel 11/0 : 0[0] -> 1[1] via P2P/CUMEM
[1,0]<stdout>:nccl-tests-gdr-16-worker-0:42:100 [0] NCCL INFO Channel 13/0 : 0[0] -> 1[1] via P2P/CUMEM
[1,0]<stdout>:nccl-tests-gdr-16-worker-0:42:100 [0] NCCL INFO Channel 15/0 : 0[0] -> 1[1] via P2P/CUMEM
[1,0]<stdout>:nccl-tests-gdr-16-worker-0:42:100 [0] NCCL INFO Channel 19/0 : 0[0] -> 1[1] via P2P/CUMEM
[1,0]<stdout>:nccl-tests-gdr-16-worker-0:42:100 [0] NCCL INFO Channel 21/0 : 0[0] -> 1[1] via P2P/CUMEM
[1,0]<stdout>:nccl-tests-gdr-16-worker-0:42:100 [0] NCCL INFO Channel 23/0 : 0[0] -> 1[1] via P2P/CUMEM
[1,8]<stdout>:nccl-tests-gdr-16-worker-1:42:100 [0] NCCL INFO Channel 03/0 : 8[0] -> 9[1] via P2P/CUMEM
[1,8]<stdout>:nccl-tests-gdr-16-worker-1:42:100 [0] NCCL INFO Channel 05/0 : 8[0] -> 9[1] via P2P/CUMEM
[1,0]<stdout>:nccl-tests-gdr-16-worker-0:42:100 [0] NCCL INFO Channel 27/0 : 0[0] -> 1[1] via P2P/CUMEM
[1,8]<stdout>:nccl-tests-gdr-16-worker-1:42:100 [0] NCCL INFO Channel 07/0 : 8[0] -> 9[1] via P2P/CUMEM
[1,3]<stdout>:nccl-tests-gdr-16-worker-0:45:104 [3] NCCL INFO Channel 01/0 : 3[3] -> 4[4] via P2P/CUMEM
[1,5]<stdout>:nccl-tests-gdr-16-worker-0:47:102 [5] NCCL INFO Channel 01/0 : 5[5] -> 6[6] via P2P/CUMEM
[1,8]<stdout>:nccl-tests-gdr-16-worker-1:42:100 [0] NCCL INFO Channel 11/0 : 8[0] -> 9[1] via P2P/CUMEM
[1,0]<stdout>:nccl-tests-gdr-16-worker-0:42:100 [0] NCCL INFO Channel 29/0 : 0[0] -> 1[1] via P2P/CUMEM
[1,8]<stdout>:nccl-tests-gdr-16-worker-1:42:100 [0] NCCL INFO Channel 13/0 : 8[0] -> 9[1] via P2P/CUMEM
[1,3]<stdout>:nccl-tests-gdr-16-worker-0:45:104 [3] NCCL INFO Channel 03/0 : 3[3] -> 4[4] via P2P/CUMEM
[1,5]<stdout>:nccl-tests-gdr-16-worker-0:47:102 [5] NCCL INFO Channel 03/0 : 5[5] -> 6[6] via P2P/CUMEM
[1,8]<stdout>:nccl-tests-gdr-16-worker-1:42:100 [0] NCCL INFO Channel 15/0 : 8[0] -> 9[1] via P2P/CUMEM
[1,0]<stdout>:nccl-tests-gdr-16-worker-0:42:100 [0] NCCL INFO Channel 31/0 : 0[0] -> 1[1] via P2P/CUMEM
[1,3]<stdout>:nccl-tests-gdr-16-worker-0:45:104 [3] NCCL INFO Channel 05/0 : 3[3] -> 4[4] via P2P/CUMEM
[1,8]<stdout>:nccl-tests-gdr-16-worker-1:42:100 [0] NCCL INFO Channel 19/0 : 8[0] -> 9[1] via P2P/CUMEM
[1,5]<stdout>:nccl-tests-gdr-16-worker-0:47:102 [5] NCCL INFO Channel 05/0 : 5[5] -> 6[6] via P2P/CUMEM
[1,8]<stdout>:nccl-tests-gdr-16-worker-1:42:100 [0] NCCL INFO Channel 21/0 : 8[0] -> 9[1] via P2P/CUMEM
[1,3]<stdout>:nccl-tests-gdr-16-worker-0:45:104 [3] NCCL INFO Channel 07/0 : 3[3] -> 4[4] via P2P/CUMEM
[1,5]<stdout>:nccl-tests-gdr-16-worker-0:47:102 [5] NCCL INFO Channel 07/0 : 5[5] -> 6[6] via P2P/CUMEM
[1,8]<stdout>:nccl-tests-gdr-16-worker-1:42:100 [0] NCCL INFO Channel 23/0 : 8[0] -> 9[1] via P2P/CUMEM
[1,3]<stdout>:nccl-tests-gdr-16-worker-0:45:104 [3] NCCL INFO Channel 09/0 : 3[3] -> 4[4] via P2P/CUMEM
[1,8]<stdout>:nccl-tests-gdr-16-worker-1:42:100 [0] NCCL INFO Channel 27/0 : 8[0] -> 9[1] via P2P/CUMEM
[1,5]<stdout>:nccl-tests-gdr-16-worker-0:47:102 [5] NCCL INFO Channel 09/0 : 5[5] -> 6[6] via P2P/CUMEM
[1,4]<stdout>:nccl-tests-gdr-16-worker-0:46:99 [4] NCCL INFO Channel 01/0 : 4[4] -> 5[5] via P2P/CUMEM
[1,6]<stdout>:nccl-tests-gdr-16-worker-0:49:103 [6] NCCL INFO Channel 01/0 : 6[6] -> 7[7] via P2P/CUMEM
[1,8]<stdout>:nccl-tests-gdr-16-worker-1:42:100 [0] NCCL INFO Channel 29/0 : 8[0] -> 9[1] via P2P/CUMEM
[1,3]<stdout>:nccl-tests-gdr-16-worker-0:45:104 [3] NCCL INFO Channel 11/0 : 3[3] -> 4[4] via P2P/CUMEM
[1,5]<stdout>:nccl-tests-gdr-16-worker-0:47:102 [5] NCCL INFO Channel 11/0 : 5[5] -> 6[6] via P2P/CUMEM
[1,4]<stdout>:nccl-tests-gdr-16-worker-0:46:99 [4] NCCL INFO Channel 03/0 : 4[4] -> 5[5] via P2P/CUMEM
[1,2]<stdout>:nccl-tests-gdr-16-worker-0:44:101 [2] NCCL INFO Channel 01/0 : 2[2] -> 3[3] via P2P/CUMEM
[1,6]<stdout>:nccl-tests-gdr-16-worker-0:49:103 [6] NCCL INFO Channel 03/0 : 6[6] -> 7[7] via P2P/CUMEM
[1,3]<stdout>:nccl-tests-gdr-16-worker-0:45:104 [3] NCCL INFO Channel 13/0 : 3[3] -> 4[4] via P2P/CUMEM
[1,5]<stdout>:nccl-tests-gdr-16-worker-0:47:102 [5] NCCL INFO Channel 13/0 : 5[5] -> 6[6] via P2P/CUMEM
[1,4]<stdout>:nccl-tests-gdr-16-worker-0:46:99 [4] NCCL INFO Channel 07/0 : 4[4] -> 5[5] via P2P/CUMEM
[1,2]<stdout>:nccl-tests-gdr-16-worker-0:44:101 [2] NCCL INFO Channel 05/0 : 2[2] -> 3[3] via P2P/CUMEM
[1,6]<stdout>:nccl-tests-gdr-16-worker-0:49:103 [6] NCCL INFO Channel 05/0 : 6[6] -> 7[7] via P2P/CUMEM
[1,3]<stdout>:nccl-tests-gdr-16-worker-0:45:104 [3] NCCL INFO Channel 15/0 : 3[3] -> 4[4] via P2P/CUMEM
[1,11]<stdout>:nccl-tests-gdr-16-worker-1:45:105 [3] NCCL INFO Channel 01/0 : 11[3] -> 12[4] via P2P/CUMEM
[1,5]<stdout>:nccl-tests-gdr-16-worker-0:47:102 [5] NCCL INFO Channel 15/0 : 5[5] -> 6[6] via P2P/CUMEM
[1,4]<stdout>:nccl-tests-gdr-16-worker-0:46:99 [4] NCCL INFO Channel 09/0 : 4[4] -> 5[5] via P2P/CUMEM
[1,2]<stdout>:nccl-tests-gdr-16-worker-0:44:101 [2] NCCL INFO Channel 07/0 : 2[2] -> 3[3] via P2P/CUMEM
[1,11]<stdout>:nccl-tests-gdr-16-worker-1:45:105 [3] NCCL INFO Channel 03/0 : 11[3] -> 12[4] via P2P/CUMEM
[1,6]<stdout>:nccl-tests-gdr-16-worker-0:49:103 [6] NCCL INFO Channel 09/0 : 6[6] -> 7[7] via P2P/CUMEM
[1,3]<stdout>:nccl-tests-gdr-16-worker-0:45:104 [3] NCCL INFO Channel 17/0 : 3[3] -> 4[4] via P2P/CUMEM
[1,5]<stdout>:nccl-tests-gdr-16-worker-0:47:102 [5] NCCL INFO Channel 17/0 : 5[5] -> 6[6] via P2P/CUMEM
[1,4]<stdout>:nccl-tests-gdr-16-worker-0:46:99 [4] NCCL INFO Channel 11/0 : 4[4] -> 5[5] via P2P/CUMEM
[1,8]<stdout>:nccl-tests-gdr-16-worker-1:42:100 [0] NCCL INFO Channel 31/0 : 8[0] -> 9[1] via P2P/CUMEM
[1,2]<stdout>:nccl-tests-gdr-16-worker-0:44:101 [2] NCCL INFO Channel 09/0 : 2[2] -> 3[3] via P2P/CUMEM
[1,9]<stdout>:nccl-tests-gdr-16-worker-1:43:98 [1] NCCL INFO Channel 01/0 : 9[1] -> 10[2] via P2P/CUMEM
[1,11]<stdout>:nccl-tests-gdr-16-worker-1:45:105 [3] NCCL INFO Channel 05/0 : 11[3] -> 12[4] via P2P/CUMEM
[1,6]<stdout>:nccl-tests-gdr-16-worker-0:49:103 [6] NCCL INFO Channel 11/0 : 6[6] -> 7[7] via P2P/CUMEM
[1,3]<stdout>:nccl-tests-gdr-16-worker-0:45:104 [3] NCCL INFO Channel 19/0 : 3[3] -> 4[4] via P2P/CUMEM
[1,5]<stdout>:nccl-tests-gdr-16-worker-0:47:102 [5] NCCL INFO Channel 19/0 : 5[5] -> 6[6] via P2P/CUMEM
[1,4]<stdout>:nccl-tests-gdr-16-worker-0:46:99 [4] NCCL INFO Channel 15/0 : 4[4] -> 5[5] via P2P/CUMEM
[1,9]<stdout>:nccl-tests-gdr-16-worker-1:43:98 [1] NCCL INFO Channel 03/0 : 9[1] -> 10[2] via P2P/CUMEM
[1,2]<stdout>:nccl-tests-gdr-16-worker-0:44:101 [2] NCCL INFO Channel 13/0 : 2[2] -> 3[3] via P2P/CUMEM
[1,11]<stdout>:nccl-tests-gdr-16-worker-1:45:105 [3] NCCL INFO Channel 07/0 : 11[3] -> 12[4] via P2P/CUMEM
[1,6]<stdout>:nccl-tests-gdr-16-worker-0:49:103 [6] NCCL INFO Channel 13/0 : 6[6] -> 7[7] via P2P/CUMEM
[1,3]<stdout>:nccl-tests-gdr-16-worker-0:45:104 [3] NCCL INFO Channel 21/0 : 3[3] -> 4[4] via P2P/CUMEM
[1,9]<stdout>:nccl-tests-gdr-16-worker-1:43:98 [1] NCCL INFO Channel 05/0 : 9[1] -> 10[2] via P2P/CUMEM
[1,5]<stdout>:nccl-tests-gdr-16-worker-0:47:102 [5] NCCL INFO Channel 21/0 : 5[5] -> 6[6] via P2P/CUMEM
[1,11]<stdout>:nccl-tests-gdr-16-worker-1:45:105 [3] NCCL INFO Channel 09/0 : 11[3] -> 12[4] via P2P/CUMEM
[1,4]<stdout>:nccl-tests-gdr-16-worker-0:46:99 [4] NCCL INFO Channel 17/0 : 4[4] -> 5[5] via P2P/CUMEM
[1,2]<stdout>:nccl-tests-gdr-16-worker-0:44:101 [2] NCCL INFO Channel 15/0 : 2[2] -> 3[3] via P2P/CUMEM
[1,6]<stdout>:nccl-tests-gdr-16-worker-0:49:103 [6] NCCL INFO Channel 17/0 : 6[6] -> 7[7] via P2P/CUMEM
[1,9]<stdout>:nccl-tests-gdr-16-worker-1:43:98 [1] NCCL INFO Channel 07/0 : 9[1] -> 10[2] via P2P/CUMEM
[1,3]<stdout>:nccl-tests-gdr-16-worker-0:45:104 [3] NCCL INFO Channel 23/0 : 3[3] -> 4[4] via P2P/CUMEM
[1,5]<stdout>:nccl-tests-gdr-16-worker-0:47:102 [5] NCCL INFO Channel 23/0 : 5[5] -> 6[6] via P2P/CUMEM
[1,4]<stdout>:nccl-tests-gdr-16-worker-0:46:99 [4] NCCL INFO Channel 19/0 : 4[4] -> 5[5] via P2P/CUMEM
[1,11]<stdout>:nccl-tests-gdr-16-worker-1:45:105 [3] NCCL INFO Channel 11/0 : 11[3] -> 12[4] via P2P/CUMEM
[1,2]<stdout>:nccl-tests-gdr-16-worker-0:44:101 [2] NCCL INFO Channel 17/0 : 2[2] -> 3[3] via P2P/CUMEM
[1,9]<stdout>:nccl-tests-gdr-16-worker-1:43:98 [1] NCCL INFO Channel 09/0 : 9[1] -> 10[2] via P2P/CUMEM
[1,6]<stdout>:nccl-tests-gdr-16-worker-0:49:103 [6] NCCL INFO Channel 19/0 : 6[6] -> 7[7] via P2P/CUMEM
[1,3]<stdout>:nccl-tests-gdr-16-worker-0:45:104 [3] NCCL INFO Channel 25/0 : 3[3] -> 4[4] via P2P/CUMEM
[1,5]<stdout>:nccl-tests-gdr-16-worker-0:47:102 [5] NCCL INFO Channel 25/0 : 5[5] -> 6[6] via P2P/CUMEM
[1,11]<stdout>:nccl-tests-gdr-16-worker-1:45:105 [3] NCCL INFO Channel 13/0 : 11[3] -> 12[4] via P2P/CUMEM
[1,4]<stdout>:nccl-tests-gdr-16-worker-0:46:99 [4] NCCL INFO Channel 23/0 : 4[4] -> 5[5] via P2P/CUMEM
[1,9]<stdout>:nccl-tests-gdr-16-worker-1:43:98 [1] NCCL INFO Channel 11/0 : 9[1] -> 10[2] via P2P/CUMEM
[1,2]<stdout>:nccl-tests-gdr-16-worker-0:44:101 [2] NCCL INFO Channel 21/0 : 2[2] -> 3[3] via P2P/CUMEM
[1,12]<stdout>:nccl-tests-gdr-16-worker-1:46:99 [4] NCCL INFO Channel 01/0 : 12[4] -> 13[5] via P2P/CUMEM
[1,6]<stdout>:nccl-tests-gdr-16-worker-0:49:103 [6] NCCL INFO Channel 21/0 : 6[6] -> 7[7] via P2P/CUMEM
[1,3]<stdout>:nccl-tests-gdr-16-worker-0:45:104 [3] NCCL INFO Channel 27/0 : 3[3] -> 4[4] via P2P/CUMEM
[1,5]<stdout>:nccl-tests-gdr-16-worker-0:47:102 [5] NCCL INFO Channel 27/0 : 5[5] -> 6[6] via P2P/CUMEM
[1,11]<stdout>:nccl-tests-gdr-16-worker-1:45:105 [3] NCCL INFO Channel 15/0 : 11[3] -> 12[4] via P2P/CUMEM
[1,4]<stdout>:nccl-tests-gdr-16-worker-0:46:99 [4] NCCL INFO Channel 25/0 : 4[4] -> 5[5] via P2P/CUMEM
[1,9]<stdout>:nccl-tests-gdr-16-worker-1:43:98 [1] NCCL INFO Channel 13/0 : 9[1] -> 10[2] via P2P/CUMEM
[1,12]<stdout>:nccl-tests-gdr-16-worker-1:46:99 [4] NCCL INFO Channel 03/0 : 12[4] -> 13[5] via P2P/CUMEM
[1,2]<stdout>:nccl-tests-gdr-16-worker-0:44:101 [2] NCCL INFO Channel 23/0 : 2[2] -> 3[3] via P2P/CUMEM
[1,6]<stdout>:nccl-tests-gdr-16-worker-0:49:103 [6] NCCL INFO Channel 25/0 : 6[6] -> 7[7] via P2P/CUMEM
[1,9]<stdout>:nccl-tests-gdr-16-worker-1:43:98 [1] NCCL INFO Channel 15/0 : 9[1] -> 10[2] via P2P/CUMEM
[1,3]<stdout>:nccl-tests-gdr-16-worker-0:45:104 [3] NCCL INFO Channel 29/0 : 3[3] -> 4[4] via P2P/CUMEM
[1,5]<stdout>:nccl-tests-gdr-16-worker-0:47:102 [5] NCCL INFO Channel 29/0 : 5[5] -> 6[6] via P2P/CUMEM
[1,11]<stdout>:nccl-tests-gdr-16-worker-1:45:105 [3] NCCL INFO Channel 17/0 : 11[3] -> 12[4] via P2P/CUMEM
[1,4]<stdout>:nccl-tests-gdr-16-worker-0:46:99 [4] NCCL INFO Channel 27/0 : 4[4] -> 5[5] via P2P/CUMEM
[1,12]<stdout>:nccl-tests-gdr-16-worker-1:46:99 [4] NCCL INFO Channel 07/0 : 12[4] -> 13[5] via P2P/CUMEM
[1,2]<stdout>:nccl-tests-gdr-16-worker-0:44:101 [2] NCCL INFO Channel 25/0 : 2[2] -> 3[3] via P2P/CUMEM
[1,9]<stdout>:nccl-tests-gdr-16-worker-1:43:98 [1] NCCL INFO Channel 17/0 : 9[1] -> 10[2] via P2P/CUMEM
[1,11]<stdout>:nccl-tests-gdr-16-worker-1:45:105 [3] NCCL INFO Channel 19/0 : 11[3] -> 12[4] via P2P/CUMEM
[1,6]<stdout>:nccl-tests-gdr-16-worker-0:49:103 [6] NCCL INFO Channel 27/0 : 6[6] -> 7[7] via P2P/CUMEM
[1,3]<stdout>:nccl-tests-gdr-16-worker-0:45:104 [3] NCCL INFO Channel 31/0 : 3[3] -> 4[4] via P2P/CUMEM
[1,5]<stdout>:nccl-tests-gdr-16-worker-0:47:102 [5] NCCL INFO Channel 31/0 : 5[5] -> 6[6] via P2P/CUMEM
[1,4]<stdout>:nccl-tests-gdr-16-worker-0:46:99 [4] NCCL INFO Channel 31/0 : 4[4] -> 5[5] via P2P/CUMEM
[1,12]<stdout>:nccl-tests-gdr-16-worker-1:46:99 [4] NCCL INFO Channel 09/0 : 12[4] -> 13[5] via P2P/CUMEM
[1,9]<stdout>:nccl-tests-gdr-16-worker-1:43:98 [1] NCCL INFO Channel 19/0 : 9[1] -> 10[2] via P2P/CUMEM
[1,2]<stdout>:nccl-tests-gdr-16-worker-0:44:101 [2] NCCL INFO Channel 29/0 : 2[2] -> 3[3] via P2P/CUMEM
[1,11]<stdout>:nccl-tests-gdr-16-worker-1:45:105 [3] NCCL INFO Channel 21/0 : 11[3] -> 12[4] via P2P/CUMEM
[1,6]<stdout>:nccl-tests-gdr-16-worker-0:49:103 [6] NCCL INFO Channel 29/0 : 6[6] -> 7[7] via P2P/CUMEM
[1,12]<stdout>:nccl-tests-gdr-16-worker-1:46:99 [4] NCCL INFO Channel 11/0 : 12[4] -> 13[5] via P2P/CUMEM
[1,1]<stdout>:nccl-tests-gdr-16-worker-0:43:105 [1] NCCL INFO Channel 01/0 : 1[1] -> 2[2] via P2P/CUMEM
[1,9]<stdout>:nccl-tests-gdr-16-worker-1:43:98 [1] NCCL INFO Channel 21/0 : 9[1] -> 10[2] via P2P/CUMEM
[1,11]<stdout>:nccl-tests-gdr-16-worker-1:45:105 [3] NCCL INFO Channel 23/0 : 11[3] -> 12[4] via P2P/CUMEM
[1,2]<stdout>:nccl-tests-gdr-16-worker-0:44:101 [2] NCCL INFO Channel 31/0 : 2[2] -> 3[3] via P2P/CUMEM
[1,1]<stdout>:nccl-tests-gdr-16-worker-0:43:105 [1] NCCL INFO Channel 03/0 : 1[1] -> 2[2] via P2P/CUMEM
[1,12]<stdout>:nccl-tests-gdr-16-worker-1:46:99 [4] NCCL INFO Channel 15/0 : 12[4] -> 13[5] via P2P/CUMEM
[1,9]<stdout>:nccl-tests-gdr-16-worker-1:43:98 [1] NCCL INFO Channel 23/0 : 9[1] -> 10[2] via P2P/CUMEM
[1,1]<stdout>:nccl-tests-gdr-16-worker-0:43:105 [1] NCCL INFO Channel 05/0 : 1[1] -> 2[2] via P2P/CUMEM
[1,11]<stdout>:nccl-tests-gdr-16-worker-1:45:105 [3] NCCL INFO Channel 25/0 : 11[3] -> 12[4] via P2P/CUMEM
[1,1]<stdout>:nccl-tests-gdr-16-worker-0:43:105 [1] NCCL INFO Channel 07/0 : 1[1] -> 2[2] via P2P/CUMEM
[1,12]<stdout>:nccl-tests-gdr-16-worker-1:46:99 [4] NCCL INFO Channel 17/0 : 12[4] -> 13[5] via P2P/CUMEM
[1,9]<stdout>:nccl-tests-gdr-16-worker-1:43:98 [1] NCCL INFO Channel 25/0 : 9[1] -> 10[2] via P2P/CUMEM
[1,1]<stdout>:nccl-tests-gdr-16-worker-0:43:105 [1] NCCL INFO Channel 09/0 : 1[1] -> 2[2] via P2P/CUMEM
[1,11]<stdout>:nccl-tests-gdr-16-worker-1:45:105 [3] NCCL INFO Channel 27/0 : 11[3] -> 12[4] via P2P/CUMEM
[1,1]<stdout>:nccl-tests-gdr-16-worker-0:43:105 [1] NCCL INFO Channel 11/0 : 1[1] -> 2[2] via P2P/CUMEM
[1,9]<stdout>:nccl-tests-gdr-16-worker-1:43:98 [1] NCCL INFO Channel 27/0 : 9[1] -> 10[2] via P2P/CUMEM
[1,1]<stdout>:nccl-tests-gdr-16-worker-0:43:105 [1] NCCL INFO Channel 13/0 : 1[1] -> 2[2] via P2P/CUMEM
[1,11]<stdout>:nccl-tests-gdr-16-worker-1:45:105 [3] NCCL INFO Channel 29/0 : 11[3] -> 12[4] via P2P/CUMEM
[1,9]<stdout>:nccl-tests-gdr-16-worker-1:43:98 [1] NCCL INFO Channel 29/0 : 9[1] -> 10[2] via P2P/CUMEM
[1,1]<stdout>:nccl-tests-gdr-16-worker-0:43:105 [1] NCCL INFO Channel 15/0 : 1[1] -> 2[2] via P2P/CUMEM
[1,11]<stdout>:nccl-tests-gdr-16-worker-1:45:105 [3] NCCL INFO Channel 31/0 : 11[3] -> 12[4] via P2P/CUMEM
[1,1]<stdout>:nccl-tests-gdr-16-worker-0:43:105 [1] NCCL INFO Channel 17/0 : 1[1] -> 2[2] via P2P/CUMEM
[1,9]<stdout>:nccl-tests-gdr-16-worker-1:43:98 [1] NCCL INFO Channel 31/0 : 9[1] -> 10[2] via P2P/CUMEM
[1,1]<stdout>:nccl-tests-gdr-16-worker-0:43:105 [1] NCCL INFO Channel 19/0 : 1[1] -> 2[2] via P2P/CUMEM
[1,1]<stdout>:nccl-tests-gdr-16-worker-0:43:105 [1] NCCL INFO Channel 21/0 : 1[1] -> 2[2] via P2P/CUMEM
[1,1]<stdout>:nccl-tests-gdr-16-worker-0:43:105 [1] NCCL INFO Channel 23/0 : 1[1] -> 2[2] via P2P/CUMEM
[1,1]<stdout>:nccl-tests-gdr-16-worker-0:43:105 [1] NCCL INFO Channel 25/0 : 1[1] -> 2[2] via P2P/CUMEM
[1,4]<stdout>:nccl-tests-gdr-16-worker-0:46:99 [4] NCCL INFO Channel 04/0 : 13[5] -> 4[4] [receive] via NET/IBext/0/GDRDMA
[1,5]<stdout>:nccl-tests-gdr-16-worker-0:47:102 [5] NCCL INFO Channel 04/0 : 5[5] -> 12[4] [send] via NET/IBext/0/GDRDMA
[1,4]<stdout>:nccl-tests-gdr-16-worker-0:46:99 [4] NCCL INFO Channel 12/0 : 13[5] -> 4[4] [receive] via NET/IBext/0/GDRDMA
[1,1]<stdout>:nccl-tests-gdr-16-worker-0:43:105 [1] NCCL INFO Channel 27/0 : 1[1] -> 2[2] via P2P/CUMEM
[1,5]<stdout>:nccl-tests-gdr-16-worker-0:47:102 [5] NCCL INFO Channel 12/0 : 5[5] -> 12[4] [send] via NET/IBext/0/GDRDMA
[1,6]<stdout>:nccl-tests-gdr-16-worker-0:49:103 [6] NCCL INFO Channel 06/0 : 15[7] -> 6[6] [receive] via NET/IBext/2/GDRDMA
[1,4]<stdout>:nccl-tests-gdr-16-worker-0:46:99 [4] NCCL INFO Channel 20/0 : 13[5] -> 4[4] [receive] via NET/IBext/0/GDRDMA
[1,5]<stdout>:nccl-tests-gdr-16-worker-0:47:102 [5] NCCL INFO Channel 20/0 : 5[5] -> 12[4] [send] via NET/IBext/0/GDRDMA
[1,4]<stdout>:nccl-tests-gdr-16-worker-0:46:99 [4] NCCL INFO Channel 28/0 : 13[5] -> 4[4] [receive] via NET/IBext/0/GDRDMA
[1,6]<stdout>:nccl-tests-gdr-16-worker-0:49:103 [6] NCCL INFO Channel 14/0 : 15[7] -> 6[6] [receive] via NET/IBext/2/GDRDMA
[1,5]<stdout>:nccl-tests-gdr-16-worker-0:47:102 [5] NCCL INFO Channel 28/0 : 5[5] -> 12[4] [send] via NET/IBext/0/GDRDMA
[1,6]<stdout>:nccl-tests-gdr-16-worker-0:49:103 [6] NCCL INFO Channel 22/0 : 15[7] -> 6[6] [receive] via NET/IBext/2/GDRDMA
[1,1]<stdout>:nccl-tests-gdr-16-worker-0:43:105 [1] NCCL INFO Channel 29/0 : 1[1] -> 2[2] via P2P/CUMEM
[1,3]<stdout>:nccl-tests-gdr-16-worker-0:45:104 [3] NCCL INFO Channel 02/0 : 3[3] -> 10[2] [send] via NET/IBext/6/GDRDMA
[1,6]<stdout>:nccl-tests-gdr-16-worker-0:49:103 [6] NCCL INFO Channel 30/0 : 15[7] -> 6[6] [receive] via NET/IBext/2/GDRDMA
[1,3]<stdout>:nccl-tests-gdr-16-worker-0:45:104 [3] NCCL INFO Channel 10/0 : 3[3] -> 10[2] [send] via NET/IBext/6/GDRDMA
[1,3]<stdout>:nccl-tests-gdr-16-worker-0:45:104 [3] NCCL INFO Channel 18/0 : 3[3] -> 10[2] [send] via NET/IBext/6/GDRDMA
[1,3]<stdout>:nccl-tests-gdr-16-worker-0:45:104 [3] NCCL INFO Channel 26/0 : 3[3] -> 10[2] [send] via NET/IBext/6/GDRDMA
[1,1]<stdout>:nccl-tests-gdr-16-worker-0:43:105 [1] NCCL INFO Channel 31/0 : 1[1] -> 2[2] via P2P/CUMEM
[1,13]<stdout>:nccl-tests-gdr-16-worker-1:47:104 [5] NCCL INFO Channel 01/0 : 13[5] -> 14[6] via P2P/CUMEM
[1,13]<stdout>:nccl-tests-gdr-16-worker-1:47:104 [5] NCCL INFO Channel 03/0 : 13[5] -> 14[6] via P2P/CUMEM
[1,13]<stdout>:nccl-tests-gdr-16-worker-1:47:104 [5] NCCL INFO Channel 05/0 : 13[5] -> 14[6] via P2P/CUMEM
[1,13]<stdout>:nccl-tests-gdr-16-worker-1:47:104 [5] NCCL INFO Channel 07/0 : 13[5] -> 14[6] via P2P/CUMEM
[1,13]<stdout>:nccl-tests-gdr-16-worker-1:47:104 [5] NCCL INFO Channel 09/0 : 13[5] -> 14[6] via P2P/CUMEM
[1,13]<stdout>:nccl-tests-gdr-16-worker-1:47:104 [5] NCCL INFO Channel 11/0 : 13[5] -> 14[6] via P2P/CUMEM
[1,8]<stdout>:nccl-tests-gdr-16-worker-1:42:100 [0] NCCL INFO Channel 00/0 : 1[1] -> 8[0] [receive] via NET/IBext/4/GDRDMA
[1,8]<stdout>:nccl-tests-gdr-16-worker-1:42:100 [0] NCCL INFO Channel 08/0 : 1[1] -> 8[0] [receive] via NET/IBext/4/GDRDMA
[1,8]<stdout>:nccl-tests-gdr-16-worker-1:42:100 [0] NCCL INFO Channel 16/0 : 1[1] -> 8[0] [receive] via NET/IBext/4/GDRDMA
[1,13]<stdout>:nccl-tests-gdr-16-worker-1:47:104 [5] NCCL INFO Channel 13/0 : 13[5] -> 14[6] via P2P/CUMEM
[1,8]<stdout>:nccl-tests-gdr-16-worker-1:42:100 [0] NCCL INFO Channel 24/0 : 1[1] -> 8[0] [receive] via NET/IBext/4/GDRDMA
[1,8]<stdout>:nccl-tests-gdr-16-worker-1:42:100 [0] NCCL INFO Channel 00/0 : 8[0] -> 15[7] via P2P/CUMEM
[1,13]<stdout>:nccl-tests-gdr-16-worker-1:47:104 [5] NCCL INFO Channel 15/0 : 13[5] -> 14[6] via P2P/CUMEM
[1,8]<stdout>:nccl-tests-gdr-16-worker-1:42:100 [0] NCCL INFO Channel 02/0 : 8[0] -> 15[7] via P2P/CUMEM
[1,13]<stdout>:nccl-tests-gdr-16-worker-1:47:104 [5] NCCL INFO Channel 17/0 : 13[5] -> 14[6] via P2P/CUMEM
[1,8]<stdout>:nccl-tests-gdr-16-worker-1:42:100 [0] NCCL INFO Channel 04/0 : 8[0] -> 15[7] via P2P/CUMEM
[1,13]<stdout>:nccl-tests-gdr-16-worker-1:47:104 [5] NCCL INFO Channel 19/0 : 13[5] -> 14[6] via P2P/CUMEM
[1,8]<stdout>:nccl-tests-gdr-16-worker-1:42:100 [0] NCCL INFO Channel 06/0 : 8[0] -> 15[7] via P2P/CUMEM
[1,12]<stdout>:nccl-tests-gdr-16-worker-1:46:99 [4] NCCL INFO Channel 19/0 : 12[4] -> 13[5] via P2P/CUMEM
[1,13]<stdout>:nccl-tests-gdr-16-worker-1:47:104 [5] NCCL INFO Channel 21/0 : 13[5] -> 14[6] via P2P/CUMEM
[1,2]<stdout>:nccl-tests-gdr-16-worker-0:44:101 [2] NCCL INFO Channel 02/0 : 11[3] -> 2[2] [receive] via NET/IBext/6/GDRDMA
[1,12]<stdout>:nccl-tests-gdr-16-worker-1:46:99 [4] NCCL INFO Channel 23/0 : 12[4] -> 13[5] via P2P/CUMEM
[1,0]<stdout>:nccl-tests-gdr-16-worker-0:42:100 [0] NCCL INFO Channel 00/0 : 9[1] -> 0[0] [receive] via NET/IBext/4/GDRDMA
[1,7]<stdout>:nccl-tests-gdr-16-worker-0:51:106 [7] NCCL INFO Channel 06/0 : 7[7] -> 14[6] [send] via NET/IBext/2/GDRDMA
[1,13]<stdout>:nccl-tests-gdr-16-worker-1:47:104 [5] NCCL INFO Channel 23/0 : 13[5] -> 14[6] via P2P/CUMEM
[1,2]<stdout>:nccl-tests-gdr-16-worker-0:44:101 [2] NCCL INFO Channel 10/0 : 11[3] -> 2[2] [receive] via NET/IBext/6/GDRDMA
[1,0]<stdout>:nccl-tests-gdr-16-worker-0:42:100 [0] NCCL INFO Channel 08/0 : 9[1] -> 0[0] [receive] via NET/IBext/4/GDRDMA
[1,14]<stdout>:nccl-tests-gdr-16-worker-1:49:101 [6] NCCL INFO Channel 01/0 : 14[6] -> 15[7] via P2P/CUMEM
[1,1]<stdout>:nccl-tests-gdr-16-worker-0:43:105 [1] NCCL INFO Channel 00/0 : 1[1] -> 8[0] [send] via NET/IBext/4/GDRDMA
[1,7]<stdout>:nccl-tests-gdr-16-worker-0:51:106 [7] NCCL INFO Channel 14/0 : 7[7] -> 14[6] [send] via NET/IBext/2/GDRDMA
[1,0]<stdout>:nccl-tests-gdr-16-worker-0:42:100 [0] NCCL INFO Channel 16/0 : 9[1] -> 0[0] [receive] via NET/IBext/4/GDRDMA
[1,1]<stdout>:nccl-tests-gdr-16-worker-0:43:105 [1] NCCL INFO Channel 08/0 : 1[1] -> 8[0] [send] via NET/IBext/4/GDRDMA
[1,2]<stdout>:nccl-tests-gdr-16-worker-0:44:101 [2] NCCL INFO Channel 18/0 : 11[3] -> 2[2] [receive] via NET/IBext/6/GDRDMA
[1,2]<stdout>:nccl-tests-gdr-16-worker-0:44:101 [2] NCCL INFO Channel 26/0 : 11[3] -> 2[2] [receive] via NET/IBext/6/GDRDMA
[1,7]<stdout>:nccl-tests-gdr-16-worker-0:51:106 [7] NCCL INFO Channel 22/0 : 7[7] -> 14[6] [send] via NET/IBext/2/GDRDMA
[1,7]<stdout>:nccl-tests-gdr-16-worker-0:51:106 [7] NCCL INFO Channel 30/0 : 7[7] -> 14[6] [send] via NET/IBext/2/GDRDMA
[1,1]<stdout>:nccl-tests-gdr-16-worker-0:43:105 [1] NCCL INFO Channel 16/0 : 1[1] -> 8[0] [send] via NET/IBext/4/GDRDMA
[1,1]<stdout>:nccl-tests-gdr-16-worker-0:43:105 [1] NCCL INFO Channel 24/0 : 1[1] -> 8[0] [send] via NET/IBext/4/GDRDMA
[1,0]<stdout>:nccl-tests-gdr-16-worker-0:42:100 [0] NCCL INFO Channel 24/0 : 9[1] -> 0[0] [receive] via NET/IBext/4/GDRDMA
[1,0]<stdout>:nccl-tests-gdr-16-worker-0:42:100 [0] NCCL INFO Channel 00/0 : 0[0] -> 7[7] via P2P/CUMEM
[1,0]<stdout>:nccl-tests-gdr-16-worker-0:42:100 [0] NCCL INFO Channel 02/0 : 0[0] -> 7[7] via P2P/CUMEM
[1,8]<stdout>:nccl-tests-gdr-16-worker-1:42:100 [0] NCCL INFO Channel 08/0 : 8[0] -> 15[7] via P2P/CUMEM
[1,12]<stdout>:nccl-tests-gdr-16-worker-1:46:99 [4] NCCL INFO Channel 25/0 : 12[4] -> 13[5] via P2P/CUMEM
[1,13]<stdout>:nccl-tests-gdr-16-worker-1:47:104 [5] NCCL INFO Channel 25/0 : 13[5] -> 14[6] via P2P/CUMEM
[1,0]<stdout>:nccl-tests-gdr-16-worker-0:42:100 [0] NCCL INFO Channel 04/0 : 0[0] -> 7[7] via P2P/CUMEM
[1,14]<stdout>:nccl-tests-gdr-16-worker-1:49:101 [6] NCCL INFO Channel 03/0 : 14[6] -> 15[7] via P2P/CUMEM
[1,0]<stdout>:nccl-tests-gdr-16-worker-0:42:100 [0] NCCL INFO Channel 06/0 : 0[0] -> 7[7] via P2P/CUMEM
[1,0]<stdout>:nccl-tests-gdr-16-worker-0:42:100 [0] NCCL INFO Channel 08/0 : 0[0] -> 7[7] via P2P/CUMEM
[1,8]<stdout>:nccl-tests-gdr-16-worker-1:42:100 [0] NCCL INFO Channel 10/0 : 8[0] -> 15[7] via P2P/CUMEM
[1,0]<stdout>:nccl-tests-gdr-16-worker-0:42:100 [0] NCCL INFO Channel 10/0 : 0[0] -> 7[7] via P2P/CUMEM
[1,12]<stdout>:nccl-tests-gdr-16-worker-1:46:99 [4] NCCL INFO Channel 27/0 : 12[4] -> 13[5] via P2P/CUMEM
[1,13]<stdout>:nccl-tests-gdr-16-worker-1:47:104 [5] NCCL INFO Channel 27/0 : 13[5] -> 14[6] via P2P/CUMEM
[1,0]<stdout>:nccl-tests-gdr-16-worker-0:42:100 [0] NCCL INFO Channel 12/0 : 0[0] -> 7[7] via P2P/CUMEM
[1,14]<stdout>:nccl-tests-gdr-16-worker-1:49:101 [6] NCCL INFO Channel 05/0 : 14[6] -> 15[7] via P2P/CUMEM
[1,0]<stdout>:nccl-tests-gdr-16-worker-0:42:100 [0] NCCL INFO Channel 14/0 : 0[0] -> 7[7] via P2P/CUMEM
[1,10]<stdout>:nccl-tests-gdr-16-worker-1:44:103 [2] NCCL INFO Channel 01/0 : 10[2] -> 11[3] via P2P/CUMEM
[1,8]<stdout>:nccl-tests-gdr-16-worker-1:42:100 [0] NCCL INFO Channel 12/0 : 8[0] -> 15[7] via P2P/CUMEM
[1,0]<stdout>:nccl-tests-gdr-16-worker-0:42:100 [0] NCCL INFO Channel 16/0 : 0[0] -> 7[7] via P2P/CUMEM
[1,12]<stdout>:nccl-tests-gdr-16-worker-1:46:99 [4] NCCL INFO Channel 31/0 : 12[4] -> 13[5] via P2P/CUMEM
[1,13]<stdout>:nccl-tests-gdr-16-worker-1:47:104 [5] NCCL INFO Channel 29/0 : 13[5] -> 14[6] via P2P/CUMEM
[1,14]<stdout>:nccl-tests-gdr-16-worker-1:49:101 [6] NCCL INFO Channel 09/0 : 14[6] -> 15[7] via P2P/CUMEM
[1,0]<stdout>:nccl-tests-gdr-16-worker-0:42:100 [0] NCCL INFO Channel 18/0 : 0[0] -> 7[7] via P2P/CUMEM
[1,8]<stdout>:nccl-tests-gdr-16-worker-1:42:100 [0] NCCL INFO Channel 14/0 : 8[0] -> 15[7] via P2P/CUMEM
[1,0]<stdout>:nccl-tests-gdr-16-worker-0:42:100 [0] NCCL INFO Channel 20/0 : 0[0] -> 7[7] via P2P/CUMEM
[1,10]<stdout>:nccl-tests-gdr-16-worker-1:44:103 [2] NCCL INFO Channel 05/0 : 10[2] -> 11[3] via P2P/CUMEM
[1,0]<stdout>:nccl-tests-gdr-16-worker-0:42:100 [0] NCCL INFO Channel 22/0 : 0[0] -> 7[7] via P2P/CUMEM
[1,14]<stdout>:nccl-tests-gdr-16-worker-1:49:101 [6] NCCL INFO Channel 11/0 : 14[6] -> 15[7] via P2P/CUMEM
[1,0]<stdout>:nccl-tests-gdr-16-worker-0:42:100 [0] NCCL INFO Channel 24/0 : 0[0] -> 7[7] via P2P/CUMEM
[1,13]<stdout>:nccl-tests-gdr-16-worker-1:47:104 [5] NCCL INFO Channel 31/0 : 13[5] -> 14[6] via P2P/CUMEM
[1,8]<stdout>:nccl-tests-gdr-16-worker-1:42:100 [0] NCCL INFO Channel 16/0 : 8[0] -> 15[7] via P2P/CUMEM
[1,10]<stdout>:nccl-tests-gdr-16-worker-1:44:103 [2] NCCL INFO Channel 07/0 : 10[2] -> 11[3] via P2P/CUMEM
[1,0]<stdout>:nccl-tests-gdr-16-worker-0:42:100 [0] NCCL INFO Channel 26/0 : 0[0] -> 7[7] via P2P/CUMEM
[1,14]<stdout>:nccl-tests-gdr-16-worker-1:49:101 [6] NCCL INFO Channel 13/0 : 14[6] -> 15[7] via P2P/CUMEM
[1,0]<stdout>:nccl-tests-gdr-16-worker-0:42:100 [0] NCCL INFO Channel 28/0 : 0[0] -> 7[7] via P2P/CUMEM
[1,8]<stdout>:nccl-tests-gdr-16-worker-1:42:100 [0] NCCL INFO Channel 18/0 : 8[0] -> 15[7] via P2P/CUMEM
[1,0]<stdout>:nccl-tests-gdr-16-worker-0:42:100 [0] NCCL INFO Channel 30/0 : 0[0] -> 7[7] via P2P/CUMEM
[1,10]<stdout>:nccl-tests-gdr-16-worker-1:44:103 [2] NCCL INFO Channel 09/0 : 10[2] -> 11[3] via P2P/CUMEM
[1,14]<stdout>:nccl-tests-gdr-16-worker-1:49:101 [6] NCCL INFO Channel 17/0 : 14[6] -> 15[7] via P2P/CUMEM
[1,8]<stdout>:nccl-tests-gdr-16-worker-1:42:100 [0] NCCL INFO Channel 20/0 : 8[0] -> 15[7] via P2P/CUMEM
[1,10]<stdout>:nccl-tests-gdr-16-worker-1:44:103 [2] NCCL INFO Channel 13/0 : 10[2] -> 11[3] via P2P/CUMEM
[1,14]<stdout>:nccl-tests-gdr-16-worker-1:49:101 [6] NCCL INFO Channel 19/0 : 14[6] -> 15[7] via P2P/CUMEM
[1,8]<stdout>:nccl-tests-gdr-16-worker-1:42:100 [0] NCCL INFO Channel 22/0 : 8[0] -> 15[7] via P2P/CUMEM
[1,10]<stdout>:nccl-tests-gdr-16-worker-1:44:103 [2] NCCL INFO Channel 15/0 : 10[2] -> 11[3] via P2P/CUMEM
[1,14]<stdout>:nccl-tests-gdr-16-worker-1:49:101 [6] NCCL INFO Channel 21/0 : 14[6] -> 15[7] via P2P/CUMEM
[1,8]<stdout>:nccl-tests-gdr-16-worker-1:42:100 [0] NCCL INFO Channel 24/0 : 8[0] -> 15[7] via P2P/CUMEM
[1,10]<stdout>:nccl-tests-gdr-16-worker-1:44:103 [2] NCCL INFO Channel 17/0 : 10[2] -> 11[3] via P2P/CUMEM
[1,14]<stdout>:nccl-tests-gdr-16-worker-1:49:101 [6] NCCL INFO Channel 25/0 : 14[6] -> 15[7] via P2P/CUMEM
[1,8]<stdout>:nccl-tests-gdr-16-worker-1:42:100 [0] NCCL INFO Channel 26/0 : 8[0] -> 15[7] via P2P/CUMEM
[1,10]<stdout>:nccl-tests-gdr-16-worker-1:44:103 [2] NCCL INFO Channel 21/0 : 10[2] -> 11[3] via P2P/CUMEM
[1,14]<stdout>:nccl-tests-gdr-16-worker-1:49:101 [6] NCCL INFO Channel 27/0 : 14[6] -> 15[7] via P2P/CUMEM
[1,8]<stdout>:nccl-tests-gdr-16-worker-1:42:100 [0] NCCL INFO Channel 28/0 : 8[0] -> 15[7] via P2P/CUMEM
[1,10]<stdout>:nccl-tests-gdr-16-worker-1:44:103 [2] NCCL INFO Channel 23/0 : 10[2] -> 11[3] via P2P/CUMEM
[1,14]<stdout>:nccl-tests-gdr-16-worker-1:49:101 [6] NCCL INFO Channel 29/0 : 14[6] -> 15[7] via P2P/CUMEM
[1,8]<stdout>:nccl-tests-gdr-16-worker-1:42:100 [0] NCCL INFO Channel 30/0 : 8[0] -> 15[7] via P2P/CUMEM
[1,10]<stdout>:nccl-tests-gdr-16-worker-1:44:103 [2] NCCL INFO Channel 25/0 : 10[2] -> 11[3] via P2P/CUMEM
[1,10]<stdout>:nccl-tests-gdr-16-worker-1:44:103 [2] NCCL INFO Channel 29/0 : 10[2] -> 11[3] via P2P/CUMEM
[1,10]<stdout>:nccl-tests-gdr-16-worker-1:44:103 [2] NCCL INFO Channel 31/0 : 10[2] -> 11[3] via P2P/CUMEM
[1,1]<stdout>:nccl-tests-gdr-16-worker-0:43:105 [1] NCCL INFO Channel 01/0 : 8[0] -> 1[1] [receive] via NET/IBext/5/GDRDMA
[1,1]<stdout>:nccl-tests-gdr-16-worker-0:43:105 [1] NCCL INFO Channel 09/0 : 8[0] -> 1[1] [receive] via NET/IBext/5/GDRDMA
[1,1]<stdout>:nccl-tests-gdr-16-worker-0:43:105 [1] NCCL INFO Channel 17/0 : 8[0] -> 1[1] [receive] via NET/IBext/5/GDRDMA
[1,1]<stdout>:nccl-tests-gdr-16-worker-0:43:105 [1] NCCL INFO Channel 25/0 : 8[0] -> 1[1] [receive] via NET/IBext/5/GDRDMA
[1,12]<stdout>:nccl-tests-gdr-16-worker-1:46:99 [4] NCCL INFO Channel 04/0 : 5[5] -> 12[4] [receive] via NET/IBext/0/GDRDMA
[1,12]<stdout>:nccl-tests-gdr-16-worker-1:46:99 [4] NCCL INFO Channel 12/0 : 5[5] -> 12[4] [receive] via NET/IBext/0/GDRDMA
[1,12]<stdout>:nccl-tests-gdr-16-worker-1:46:99 [4] NCCL INFO Channel 20/0 : 5[5] -> 12[4] [receive] via NET/IBext/0/GDRDMA
[1,12]<stdout>:nccl-tests-gdr-16-worker-1:46:99 [4] NCCL INFO Channel 28/0 : 5[5] -> 12[4] [receive] via NET/IBext/0/GDRDMA
[1,12]<stdout>:nccl-tests-gdr-16-worker-1:46:99 [4] NCCL INFO Channel 05/0 : 12[4] -> 5[5] [send] via NET/IBext/1/GDRDMA
[1,12]<stdout>:nccl-tests-gdr-16-worker-1:46:99 [4] NCCL INFO Channel 13/0 : 12[4] -> 5[5] [send] via NET/IBext/1/GDRDMA
[1,5]<stdout>:nccl-tests-gdr-16-worker-0:47:102 [5] NCCL INFO Channel 05/0 : 12[4] -> 5[5] [receive] via NET/IBext/1/GDRDMA
[1,12]<stdout>:nccl-tests-gdr-16-worker-1:46:99 [4] NCCL INFO Channel 21/0 : 12[4] -> 5[5] [send] via NET/IBext/1/GDRDMA
[1,5]<stdout>:nccl-tests-gdr-16-worker-0:47:102 [5] NCCL INFO Channel 13/0 : 12[4] -> 5[5] [receive] via NET/IBext/1/GDRDMA
[1,12]<stdout>:nccl-tests-gdr-16-worker-1:46:99 [4] NCCL INFO Channel 29/0 : 12[4] -> 5[5] [send] via NET/IBext/1/GDRDMA
[1,5]<stdout>:nccl-tests-gdr-16-worker-0:47:102 [5] NCCL INFO Channel 21/0 : 12[4] -> 5[5] [receive] via NET/IBext/1/GDRDMA
[1,5]<stdout>:nccl-tests-gdr-16-worker-0:47:102 [5] NCCL INFO Channel 29/0 : 12[4] -> 5[5] [receive] via NET/IBext/1/GDRDMA
[1,13]<stdout>:nccl-tests-gdr-16-worker-1:47:104 [5] NCCL INFO Channel 04/0 : 13[5] -> 4[4] [send] via NET/IBext/0/GDRDMA
[1,13]<stdout>:nccl-tests-gdr-16-worker-1:47:104 [5] NCCL INFO Channel 12/0 : 13[5] -> 4[4] [send] via NET/IBext/0/GDRDMA
[1,13]<stdout>:nccl-tests-gdr-16-worker-1:47:104 [5] NCCL INFO Channel 20/0 : 13[5] -> 4[4] [send] via NET/IBext/0/GDRDMA
[1,13]<stdout>:nccl-tests-gdr-16-worker-1:47:104 [5] NCCL INFO Channel 28/0 : 13[5] -> 4[4] [send] via NET/IBext/0/GDRDMA
[1,10]<stdout>:nccl-tests-gdr-16-worker-1:44:103 [2] NCCL INFO Channel 02/0 : 3[3] -> 10[2] [receive] via NET/IBext/6/GDRDMA
[1,9]<stdout>:nccl-tests-gdr-16-worker-1:43:98 [1] NCCL INFO Channel 00/0 : 9[1] -> 0[0] [send] via NET/IBext/4/GDRDMA
[1,10]<stdout>:nccl-tests-gdr-16-worker-1:44:103 [2] NCCL INFO Channel 10/0 : 3[3] -> 10[2] [receive] via NET/IBext/6/GDRDMA
[1,9]<stdout>:nccl-tests-gdr-16-worker-1:43:98 [1] NCCL INFO Channel 08/0 : 9[1] -> 0[0] [send] via NET/IBext/4/GDRDMA
[1,13]<stdout>:nccl-tests-gdr-16-worker-1:47:104 [5] NCCL INFO Channel 05/0 : 4[4] -> 13[5] [receive] via NET/IBext/1/GDRDMA
[1,14]<stdout>:nccl-tests-gdr-16-worker-1:49:101 [6] NCCL INFO Channel 06/0 : 7[7] -> 14[6] [receive] via NET/IBext/2/GDRDMA
[1,9]<stdout>:nccl-tests-gdr-16-worker-1:43:98 [1] NCCL INFO Channel 16/0 : 9[1] -> 0[0] [send] via NET/IBext/4/GDRDMA
[1,10]<stdout>:nccl-tests-gdr-16-worker-1:44:103 [2] NCCL INFO Channel 18/0 : 3[3] -> 10[2] [receive] via NET/IBext/6/GDRDMA
[1,9]<stdout>:nccl-tests-gdr-16-worker-1:43:98 [1] NCCL INFO Channel 24/0 : 9[1] -> 0[0] [send] via NET/IBext/4/GDRDMA
[1,14]<stdout>:nccl-tests-gdr-16-worker-1:49:101 [6] NCCL INFO Channel 14/0 : 7[7] -> 14[6] [receive] via NET/IBext/2/GDRDMA
[1,14]<stdout>:nccl-tests-gdr-16-worker-1:49:101 [6] NCCL INFO Channel 22/0 : 7[7] -> 14[6] [receive] via NET/IBext/2/GDRDMA
[1,14]<stdout>:nccl-tests-gdr-16-worker-1:49:101 [6] NCCL INFO Channel 30/0 : 7[7] -> 14[6] [receive] via NET/IBext/2/GDRDMA
[1,10]<stdout>:nccl-tests-gdr-16-worker-1:44:103 [2] NCCL INFO Channel 26/0 : 3[3] -> 10[2] [receive] via NET/IBext/6/GDRDMA
[1,4]<stdout>:nccl-tests-gdr-16-worker-0:46:99 [4] NCCL INFO Channel 05/0 : 4[4] -> 13[5] [send] via NET/IBext/1/GDRDMA
[1,4]<stdout>:nccl-tests-gdr-16-worker-0:46:99 [4] NCCL INFO Channel 13/0 : 4[4] -> 13[5] [send] via NET/IBext/1/GDRDMA
[1,11]<stdout>:nccl-tests-gdr-16-worker-1:45:105 [3] NCCL INFO Channel 02/0 : 11[3] -> 2[2] [send] via NET/IBext/6/GDRDMA
[1,11]<stdout>:nccl-tests-gdr-16-worker-1:45:105 [3] NCCL INFO Channel 10/0 : 11[3] -> 2[2] [send] via NET/IBext/6/GDRDMA
[1,4]<stdout>:nccl-tests-gdr-16-worker-0:46:99 [4] NCCL INFO Channel 21/0 : 4[4] -> 13[5] [send] via NET/IBext/1/GDRDMA
[1,11]<stdout>:nccl-tests-gdr-16-worker-1:45:105 [3] NCCL INFO Channel 18/0 : 11[3] -> 2[2] [send] via NET/IBext/6/GDRDMA
[1,4]<stdout>:nccl-tests-gdr-16-worker-0:46:99 [4] NCCL INFO Channel 29/0 : 4[4] -> 13[5] [send] via NET/IBext/1/GDRDMA
[1,11]<stdout>:nccl-tests-gdr-16-worker-1:45:105 [3] NCCL INFO Channel 26/0 : 11[3] -> 2[2] [send] via NET/IBext/6/GDRDMA
[1,9]<stdout>:nccl-tests-gdr-16-worker-1:43:98 [1] NCCL INFO Channel 01/0 : 0[0] -> 9[1] [receive] via NET/IBext/5/GDRDMA
[1,7]<stdout>:nccl-tests-gdr-16-worker-0:51:106 [7] NCCL INFO Channel 07/0 : 14[6] -> 7[7] [receive] via NET/IBext/3/GDRDMA
[1,13]<stdout>:nccl-tests-gdr-16-worker-1:47:104 [5] NCCL INFO Channel 13/0 : 4[4] -> 13[5] [receive] via NET/IBext/1/GDRDMA
[1,9]<stdout>:nccl-tests-gdr-16-worker-1:43:98 [1] NCCL INFO Channel 09/0 : 0[0] -> 9[1] [receive] via NET/IBext/5/GDRDMA
[1,7]<stdout>:nccl-tests-gdr-16-worker-0:51:106 [7] NCCL INFO Channel 15/0 : 14[6] -> 7[7] [receive] via NET/IBext/3/GDRDMA
[1,9]<stdout>:nccl-tests-gdr-16-worker-1:43:98 [1] NCCL INFO Channel 17/0 : 0[0] -> 9[1] [receive] via NET/IBext/5/GDRDMA
[1,7]<stdout>:nccl-tests-gdr-16-worker-0:51:106 [7] NCCL INFO Channel 23/0 : 14[6] -> 7[7] [receive] via NET/IBext/3/GDRDMA
[1,10]<stdout>:nccl-tests-gdr-16-worker-1:44:103 [2] NCCL INFO Channel 03/0 : 10[2] -> 3[3] [send] via NET/IBext/7/GDRDMA
[1,7]<stdout>:nccl-tests-gdr-16-worker-0:51:106 [7] NCCL INFO Channel 31/0 : 14[6] -> 7[7] [receive] via NET/IBext/3/GDRDMA
[1,7]<stdout>:nccl-tests-gdr-16-worker-0:51:106 [7] NCCL INFO Channel 01/0 : 7[7] -> 0[0] via P2P/CUMEM
[1,9]<stdout>:nccl-tests-gdr-16-worker-1:43:98 [1] NCCL INFO Channel 25/0 : 0[0] -> 9[1] [receive] via NET/IBext/5/GDRDMA
[1,10]<stdout>:nccl-tests-gdr-16-worker-1:44:103 [2] NCCL INFO Channel 11/0 : 10[2] -> 3[3] [send] via NET/IBext/7/GDRDMA
[1,10]<stdout>:nccl-tests-gdr-16-worker-1:44:103 [2] NCCL INFO Channel 19/0 : 10[2] -> 3[3] [send] via NET/IBext/7/GDRDMA
[1,10]<stdout>:nccl-tests-gdr-16-worker-1:44:103 [2] NCCL INFO Channel 27/0 : 10[2] -> 3[3] [send] via NET/IBext/7/GDRDMA
[1,11]<stdout>:nccl-tests-gdr-16-worker-1:45:105 [3] NCCL INFO Channel 03/0 : 2[2] -> 11[3] [receive] via NET/IBext/7/GDRDMA
[1,3]<stdout>:nccl-tests-gdr-16-worker-0:45:104 [3] NCCL INFO Channel 03/0 : 10[2] -> 3[3] [receive] via NET/IBext/7/GDRDMA
[1,3]<stdout>:nccl-tests-gdr-16-worker-0:45:104 [3] NCCL INFO Channel 11/0 : 10[2] -> 3[3] [receive] via NET/IBext/7/GDRDMA
[1,12]<stdout>:nccl-tests-gdr-16-worker-1:46:99 [4] NCCL INFO Channel 00/0 : 12[4] -> 11[3] via P2P/CUMEM
[1,3]<stdout>:nccl-tests-gdr-16-worker-0:45:104 [3] NCCL INFO Channel 19/0 : 10[2] -> 3[3] [receive] via NET/IBext/7/GDRDMA
[1,11]<stdout>:nccl-tests-gdr-16-worker-1:45:105 [3] NCCL INFO Channel 11/0 : 2[2] -> 11[3] [receive] via NET/IBext/7/GDRDMA
[1,11]<stdout>:nccl-tests-gdr-16-worker-1:45:105 [3] NCCL INFO Channel 19/0 : 2[2] -> 11[3] [receive] via NET/IBext/7/GDRDMA
[1,12]<stdout>:nccl-tests-gdr-16-worker-1:46:99 [4] NCCL INFO Channel 02/0 : 12[4] -> 11[3] via P2P/CUMEM
[1,3]<stdout>:nccl-tests-gdr-16-worker-0:45:104 [3] NCCL INFO Channel 27/0 : 10[2] -> 3[3] [receive] via NET/IBext/7/GDRDMA
[1,11]<stdout>:nccl-tests-gdr-16-worker-1:45:105 [3] NCCL INFO Channel 27/0 : 2[2] -> 11[3] [receive] via NET/IBext/7/GDRDMA
[1,7]<stdout>:nccl-tests-gdr-16-worker-0:51:106 [7] NCCL INFO Channel 03/0 : 7[7] -> 0[0] via P2P/CUMEM
[1,2]<stdout>:nccl-tests-gdr-16-worker-0:44:101 [2] NCCL INFO Channel 03/0 : 2[2] -> 11[3] [send] via NET/IBext/7/GDRDMA
[1,2]<stdout>:nccl-tests-gdr-16-worker-0:44:101 [2] NCCL INFO Channel 11/0 : 2[2] -> 11[3] [send] via NET/IBext/7/GDRDMA
[1,12]<stdout>:nccl-tests-gdr-16-worker-1:46:99 [4] NCCL INFO Channel 04/0 : 12[4] -> 11[3] via P2P/CUMEM
[1,2]<stdout>:nccl-tests-gdr-16-worker-0:44:101 [2] NCCL INFO Channel 19/0 : 2[2] -> 11[3] [send] via NET/IBext/7/GDRDMA
[1,7]<stdout>:nccl-tests-gdr-16-worker-0:51:106 [7] NCCL INFO Channel 05/0 : 7[7] -> 0[0] via P2P/CUMEM
[1,5]<stdout>:nccl-tests-gdr-16-worker-0:47:102 [5] NCCL INFO Channel 00/0 : 5[5] -> 4[4] via P2P/CUMEM
[1,12]<stdout>:nccl-tests-gdr-16-worker-1:46:99 [4] NCCL INFO Channel 06/0 : 12[4] -> 11[3] via P2P/CUMEM
[1,2]<stdout>:nccl-tests-gdr-16-worker-0:44:101 [2] NCCL INFO Channel 27/0 : 2[2] -> 11[3] [send] via NET/IBext/7/GDRDMA
[1,12]<stdout>:nccl-tests-gdr-16-worker-1:46:99 [4] NCCL INFO Channel 08/0 : 12[4] -> 11[3] via P2P/CUMEM
[1,7]<stdout>:nccl-tests-gdr-16-worker-0:51:106 [7] NCCL INFO Channel 07/0 : 7[7] -> 0[0] via P2P/CUMEM
[1,5]<stdout>:nccl-tests-gdr-16-worker-0:47:102 [5] NCCL INFO Channel 02/0 : 5[5] -> 4[4] via P2P/CUMEM
[1,12]<stdout>:nccl-tests-gdr-16-worker-1:46:99 [4] NCCL INFO Channel 10/0 : 12[4] -> 11[3] via P2P/CUMEM
[1,7]<stdout>:nccl-tests-gdr-16-worker-0:51:106 [7] NCCL INFO Channel 09/0 : 7[7] -> 0[0] via P2P/CUMEM
[1,12]<stdout>:nccl-tests-gdr-16-worker-1:46:99 [4] NCCL INFO Channel 12/0 : 12[4] -> 11[3] via P2P/CUMEM
[1,15]<stdout>:nccl-tests-gdr-16-worker-1:51:102 [7] NCCL INFO Channel 06/0 : 15[7] -> 6[6] [send] via NET/IBext/2/GDRDMA
[1,14]<stdout>:nccl-tests-gdr-16-worker-1:49:101 [6] NCCL INFO Channel 07/0 : 14[6] -> 7[7] [send] via NET/IBext/3/GDRDMA
[1,15]<stdout>:nccl-tests-gdr-16-worker-1:51:102 [7] NCCL INFO Channel 14/0 : 15[7] -> 6[6] [send] via NET/IBext/2/GDRDMA
[1,14]<stdout>:nccl-tests-gdr-16-worker-1:49:101 [6] NCCL INFO Channel 15/0 : 14[6] -> 7[7] [send] via NET/IBext/3/GDRDMA
[1,5]<stdout>:nccl-tests-gdr-16-worker-0:47:102 [5] NCCL INFO Channel 06/0 : 5[5] -> 4[4] via P2P/CUMEM
[1,15]<stdout>:nccl-tests-gdr-16-worker-1:51:102 [7] NCCL INFO Channel 22/0 : 15[7] -> 6[6] [send] via NET/IBext/2/GDRDMA
[1,12]<stdout>:nccl-tests-gdr-16-worker-1:46:99 [4] NCCL INFO Channel 14/0 : 12[4] -> 11[3] via P2P/CUMEM
[1,7]<stdout>:nccl-tests-gdr-16-worker-0:51:106 [7] NCCL INFO Channel 11/0 : 7[7] -> 0[0] via P2P/CUMEM
[1,14]<stdout>:nccl-tests-gdr-16-worker-1:49:101 [6] NCCL INFO Channel 23/0 : 14[6] -> 7[7] [send] via NET/IBext/3/GDRDMA
[1,15]<stdout>:nccl-tests-gdr-16-worker-1:51:102 [7] NCCL INFO Channel 30/0 : 15[7] -> 6[6] [send] via NET/IBext/2/GDRDMA
[1,14]<stdout>:nccl-tests-gdr-16-worker-1:49:101 [6] NCCL INFO Channel 31/0 : 14[6] -> 7[7] [send] via NET/IBext/3/GDRDMA
[1,12]<stdout>:nccl-tests-gdr-16-worker-1:46:99 [4] NCCL INFO Channel 16/0 : 12[4] -> 11[3] via P2P/CUMEM
[1,13]<stdout>:nccl-tests-gdr-16-worker-1:47:104 [5] NCCL INFO Channel 21/0 : 4[4] -> 13[5] [receive] via NET/IBext/1/GDRDMA
[1,5]<stdout>:nccl-tests-gdr-16-worker-0:47:102 [5] NCCL INFO Channel 08/0 : 5[5] -> 4[4] via P2P/CUMEM
[1,13]<stdout>:nccl-tests-gdr-16-worker-1:47:104 [5] NCCL INFO Channel 29/0 : 4[4] -> 13[5] [receive] via NET/IBext/1/GDRDMA
[1,7]<stdout>:nccl-tests-gdr-16-worker-0:51:106 [7] NCCL INFO Channel 13/0 : 7[7] -> 0[0] via P2P/CUMEM
[1,12]<stdout>:nccl-tests-gdr-16-worker-1:46:99 [4] NCCL INFO Channel 18/0 : 12[4] -> 11[3] via P2P/CUMEM
[1,5]<stdout>:nccl-tests-gdr-16-worker-0:47:102 [5] NCCL INFO Channel 10/0 : 5[5] -> 4[4] via P2P/CUMEM
[1,15]<stdout>:nccl-tests-gdr-16-worker-1:51:102 [7] NCCL INFO Channel 07/0 : 6[6] -> 15[7] [receive] via NET/IBext/3/GDRDMA
[1,15]<stdout>:nccl-tests-gdr-16-worker-1:51:102 [7] NCCL INFO Channel 15/0 : 6[6] -> 15[7] [receive] via NET/IBext/3/GDRDMA
[1,12]<stdout>:nccl-tests-gdr-16-worker-1:46:99 [4] NCCL INFO Channel 20/0 : 12[4] -> 11[3] via P2P/CUMEM
[1,15]<stdout>:nccl-tests-gdr-16-worker-1:51:102 [7] NCCL INFO Channel 23/0 : 6[6] -> 15[7] [receive] via NET/IBext/3/GDRDMA
[1,6]<stdout>:nccl-tests-gdr-16-worker-0:49:103 [6] NCCL INFO Channel 07/0 : 6[6] -> 15[7] [send] via NET/IBext/3/GDRDMA
[1,15]<stdout>:nccl-tests-gdr-16-worker-1:51:102 [7] NCCL INFO Channel 31/0 : 6[6] -> 15[7] [receive] via NET/IBext/3/GDRDMA
[1,6]<stdout>:nccl-tests-gdr-16-worker-0:49:103 [6] NCCL INFO Channel 15/0 : 6[6] -> 15[7] [send] via NET/IBext/3/GDRDMA
[1,15]<stdout>:nccl-tests-gdr-16-worker-1:51:102 [7] NCCL INFO Channel 01/0 : 15[7] -> 8[0] via P2P/CUMEM
[1,6]<stdout>:nccl-tests-gdr-16-worker-0:49:103 [6] NCCL INFO Channel 23/0 : 6[6] -> 15[7] [send] via NET/IBext/3/GDRDMA
[1,7]<stdout>:nccl-tests-gdr-16-worker-0:51:106 [7] NCCL INFO Channel 15/0 : 7[7] -> 0[0] via P2P/CUMEM
[1,6]<stdout>:nccl-tests-gdr-16-worker-0:49:103 [6] NCCL INFO Channel 31/0 : 6[6] -> 15[7] [send] via NET/IBext/3/GDRDMA
[1,5]<stdout>:nccl-tests-gdr-16-worker-0:47:102 [5] NCCL INFO Channel 14/0 : 5[5] -> 4[4] via P2P/CUMEM
[1,12]<stdout>:nccl-tests-gdr-16-worker-1:46:99 [4] NCCL INFO Channel 22/0 : 12[4] -> 11[3] via P2P/CUMEM
[1,7]<stdout>:nccl-tests-gdr-16-worker-0:51:106 [7] NCCL INFO Channel 17/0 : 7[7] -> 0[0] via P2P/CUMEM
[1,5]<stdout>:nccl-tests-gdr-16-worker-0:47:102 [5] NCCL INFO Channel 16/0 : 5[5] -> 4[4] via P2P/CUMEM
[1,15]<stdout>:nccl-tests-gdr-16-worker-1:51:102 [7] NCCL INFO Channel 03/0 : 15[7] -> 8[0] via P2P/CUMEM
[1,7]<stdout>:nccl-tests-gdr-16-worker-0:51:106 [7] NCCL INFO Channel 19/0 : 7[7] -> 0[0] via P2P/CUMEM
[1,12]<stdout>:nccl-tests-gdr-16-worker-1:46:99 [4] NCCL INFO Channel 24/0 : 12[4] -> 11[3] via P2P/CUMEM
[1,5]<stdout>:nccl-tests-gdr-16-worker-0:47:102 [5] NCCL INFO Channel 18/0 : 5[5] -> 4[4] via P2P/CUMEM
[1,15]<stdout>:nccl-tests-gdr-16-worker-1:51:102 [7] NCCL INFO Channel 05/0 : 15[7] -> 8[0] via P2P/CUMEM
[1,7]<stdout>:nccl-tests-gdr-16-worker-0:51:106 [7] NCCL INFO Channel 21/0 : 7[7] -> 0[0] via P2P/CUMEM
[1,5]<stdout>:nccl-tests-gdr-16-worker-0:47:102 [5] NCCL INFO Channel 22/0 : 5[5] -> 4[4] via P2P/CUMEM
[1,12]<stdout>:nccl-tests-gdr-16-worker-1:46:99 [4] NCCL INFO Channel 26/0 : 12[4] -> 11[3] via P2P/CUMEM
[1,7]<stdout>:nccl-tests-gdr-16-worker-0:51:106 [7] NCCL INFO Channel 23/0 : 7[7] -> 0[0] via P2P/CUMEM
[1,15]<stdout>:nccl-tests-gdr-16-worker-1:51:102 [7] NCCL INFO Channel 07/0 : 15[7] -> 8[0] via P2P/CUMEM
[1,5]<stdout>:nccl-tests-gdr-16-worker-0:47:102 [5] NCCL INFO Channel 24/0 : 5[5] -> 4[4] via P2P/CUMEM
[1,12]<stdout>:nccl-tests-gdr-16-worker-1:46:99 [4] NCCL INFO Channel 28/0 : 12[4] -> 11[3] via P2P/CUMEM
[1,7]<stdout>:nccl-tests-gdr-16-worker-0:51:106 [7] NCCL INFO Channel 25/0 : 7[7] -> 0[0] via P2P/CUMEM
[1,5]<stdout>:nccl-tests-gdr-16-worker-0:47:102 [5] NCCL INFO Channel 26/0 : 5[5] -> 4[4] via P2P/CUMEM
[1,15]<stdout>:nccl-tests-gdr-16-worker-1:51:102 [7] NCCL INFO Channel 09/0 : 15[7] -> 8[0] via P2P/CUMEM
[1,7]<stdout>:nccl-tests-gdr-16-worker-0:51:106 [7] NCCL INFO Channel 27/0 : 7[7] -> 0[0] via P2P/CUMEM
[1,12]<stdout>:nccl-tests-gdr-16-worker-1:46:99 [4] NCCL INFO Channel 30/0 : 12[4] -> 11[3] via P2P/CUMEM
[1,5]<stdout>:nccl-tests-gdr-16-worker-0:47:102 [5] NCCL INFO Channel 30/0 : 5[5] -> 4[4] via P2P/CUMEM
[1,15]<stdout>:nccl-tests-gdr-16-worker-1:51:102 [7] NCCL INFO Channel 11/0 : 15[7] -> 8[0] via P2P/CUMEM
[1,7]<stdout>:nccl-tests-gdr-16-worker-0:51:106 [7] NCCL INFO Channel 29/0 : 7[7] -> 0[0] via P2P/CUMEM
[1,10]<stdout>:nccl-tests-gdr-16-worker-1:44:103 [2] NCCL INFO Channel 00/0 : 10[2] -> 9[1] via P2P/CUMEM
