[1,5]<stdout>:nccl-tests-gdr-16-worker-0:47:102 [5] NCCL INFO Channel 06/0 : 5[5] -> 13[5] [send] via NET/IBext/1/GDRDMA
[1,5]<stdout>:nccl-tests-gdr-16-worker-0:47:102 [5] NCCL INFO Channel 07/0 : 5[5] -> 13[5] [send] via NET/IBext/1/GDRDMA
[1,5]<stdout>:nccl-tests-gdr-16-worker-0:47:102 [5] NCCL INFO Channel 08/0 : 5[5] -> 13[5] [send] via NET/IBext/1/GDRDMA
[1,5]<stdout>:nccl-tests-gdr-16-worker-0:47:102 [5] NCCL INFO Channel 09/0 : 5[5] -> 13[5] [send] via NET/IBext/1/GDRDMA
[1,5]<stdout>:nccl-tests-gdr-16-worker-0:47:102 [5] NCCL INFO Channel 10/0 : 5[5] -> 13[5] [send] via NET/IBext/1/GDRDMA
[1,5]<stdout>:nccl-tests-gdr-16-worker-0:47:102 [5] NCCL INFO Channel 11/0 : 5[5] -> 13[5] [send] via NET/IBext/1/GDRDMA
[1,5]<stdout>:nccl-tests-gdr-16-worker-0:47:102 [5] NCCL INFO Channel 12/0 : 5[5] -> 13[5] [send] via NET/IBext/1/GDRDMA
[1,5]<stdout>:nccl-tests-gdr-16-worker-0:47:102 [5] NCCL INFO Channel 14/0 : 5[5] -> 13[5] [send] via NET/IBext/1/GDRDMA
[1,5]<stdout>:nccl-tests-gdr-16-worker-0:47:102 [5] NCCL INFO Channel 15/0 : 5[5] -> 13[5] [send] via NET/IBext/1/GDRDMA
[1,8]<stdout>:nccl-tests-gdr-16-worker-1:42:100 [0] NCCL INFO Connected NVLS tree
[1,8]<stdout>:nccl-tests-gdr-16-worker-1:42:100 [0] NCCL INFO NCCL_ALGO set by environment to RING
[1,8]<stdout>:nccl-tests-gdr-16-worker-1:42:100 [0] NCCL INFO threadThresholds 8/8/64 | 128/8/64 | 512 | 512
[1,8]<stdout>:nccl-tests-gdr-16-worker-1:42:100 [0] NCCL INFO 32 coll channels, 16 nvls channels, 32 p2p channels, 2 p2p channels per peer
[1,0]<stdout>:nccl-tests-gdr-16-worker-0:42:100 [0] NCCL INFO Connected NVLS tree
[1,0]<stdout>:nccl-tests-gdr-16-worker-0:42:100 [0] NCCL INFO NCCL_ALGO set by environment to RING
[1,0]<stdout>:nccl-tests-gdr-16-worker-0:42:100 [0] NCCL INFO threadThresholds 8/8/64 | 128/8/64 | 512 | 512
[1,0]<stdout>:nccl-tests-gdr-16-worker-0:42:100 [0] NCCL INFO 32 coll channels, 16 nvls channels, 32 p2p channels, 2 p2p channels per peer
[1,10]<stdout>:nccl-tests-gdr-16-worker-1:44:103 [2] NCCL INFO Connected NVLS tree
[1,10]<stdout>:nccl-tests-gdr-16-worker-1:44:103 [2] NCCL INFO NCCL_ALGO set by environment to RING
[1,10]<stdout>:nccl-tests-gdr-16-worker-1:44:103 [2] NCCL INFO threadThresholds 8/8/64 | 128/8/64 | 512 | 512
[1,10]<stdout>:nccl-tests-gdr-16-worker-1:44:103 [2] NCCL INFO 32 coll channels, 16 nvls channels, 32 p2p channels, 2 p2p channels per peer
[1,2]<stdout>:nccl-tests-gdr-16-worker-0:44:101 [2] NCCL INFO Connected NVLS tree
[1,2]<stdout>:nccl-tests-gdr-16-worker-0:44:101 [2] NCCL INFO NCCL_ALGO set by environment to RING
[1,2]<stdout>:nccl-tests-gdr-16-worker-0:44:101 [2] NCCL INFO threadThresholds 8/8/64 | 128/8/64 | 512 | 512
[1,2]<stdout>:nccl-tests-gdr-16-worker-0:44:101 [2] NCCL INFO 32 coll channels, 16 nvls channels, 32 p2p channels, 2 p2p channels per peer
[1,11]<stdout>:nccl-tests-gdr-16-worker-1:45:105 [3] NCCL INFO Connected NVLS tree
[1,11]<stdout>:nccl-tests-gdr-16-worker-1:45:105 [3] NCCL INFO NCCL_ALGO set by environment to RING
[1,11]<stdout>:nccl-tests-gdr-16-worker-1:45:105 [3] NCCL INFO threadThresholds 8/8/64 | 128/8/64 | 512 | 512
[1,11]<stdout>:nccl-tests-gdr-16-worker-1:45:105 [3] NCCL INFO 32 coll channels, 16 nvls channels, 32 p2p channels, 2 p2p channels per peer
[1,3]<stdout>:nccl-tests-gdr-16-worker-0:45:104 [3] NCCL INFO Connected NVLS tree
[1,3]<stdout>:nccl-tests-gdr-16-worker-0:45:104 [3] NCCL INFO NCCL_ALGO set by environment to RING
[1,3]<stdout>:nccl-tests-gdr-16-worker-0:45:104 [3] NCCL INFO threadThresholds 8/8/64 | 128/8/64 | 512 | 512
[1,3]<stdout>:nccl-tests-gdr-16-worker-0:45:104 [3] NCCL INFO 32 coll channels, 16 nvls channels, 32 p2p channels, 2 p2p channels per peer
[1,9]<stdout>:nccl-tests-gdr-16-worker-1:43:98 [1] NCCL INFO Connected NVLS tree
[1,9]<stdout>:nccl-tests-gdr-16-worker-1:43:98 [1] NCCL INFO NCCL_ALGO set by environment to RING
[1,9]<stdout>:nccl-tests-gdr-16-worker-1:43:98 [1] NCCL INFO threadThresholds 8/8/64 | 128/8/64 | 512 | 512
[1,9]<stdout>:nccl-tests-gdr-16-worker-1:43:98 [1] NCCL INFO 32 coll channels, 16 nvls channels, 32 p2p channels, 2 p2p channels per peer
[1,1]<stdout>:nccl-tests-gdr-16-worker-0:43:105 [1] NCCL INFO Connected NVLS tree
[1,1]<stdout>:nccl-tests-gdr-16-worker-0:43:105 [1] NCCL INFO NCCL_ALGO set by environment to RING
[1,1]<stdout>:nccl-tests-gdr-16-worker-0:43:105 [1] NCCL INFO threadThresholds 8/8/64 | 128/8/64 | 512 | 512
[1,1]<stdout>:nccl-tests-gdr-16-worker-0:43:105 [1] NCCL INFO 32 coll channels, 16 nvls channels, 32 p2p channels, 2 p2p channels per peer
[1,14]<stdout>:nccl-tests-gdr-16-worker-1:49:101 [6] NCCL INFO Connected NVLS tree
[1,14]<stdout>:nccl-tests-gdr-16-worker-1:49:101 [6] NCCL INFO NCCL_ALGO set by environment to RING
[1,14]<stdout>:nccl-tests-gdr-16-worker-1:49:101 [6] NCCL INFO threadThresholds 8/8/64 | 128/8/64 | 512 | 512
[1,14]<stdout>:nccl-tests-gdr-16-worker-1:49:101 [6] NCCL INFO 32 coll channels, 16 nvls channels, 32 p2p channels, 2 p2p channels per peer
[1,6]<stdout>:nccl-tests-gdr-16-worker-0:49:103 [6] NCCL INFO Connected NVLS tree
[1,6]<stdout>:nccl-tests-gdr-16-worker-0:49:103 [6] NCCL INFO NCCL_ALGO set by environment to RING
[1,6]<stdout>:nccl-tests-gdr-16-worker-0:49:103 [6] NCCL INFO threadThresholds 8/8/64 | 128/8/64 | 512 | 512
[1,6]<stdout>:nccl-tests-gdr-16-worker-0:49:103 [6] NCCL INFO 32 coll channels, 16 nvls channels, 32 p2p channels, 2 p2p channels per peer
[1,13]<stdout>:nccl-tests-gdr-16-worker-1:47:104 [5] NCCL INFO Connected NVLS tree
[1,13]<stdout>:nccl-tests-gdr-16-worker-1:47:104 [5] NCCL INFO NCCL_ALGO set by environment to RING
[1,13]<stdout>:nccl-tests-gdr-16-worker-1:47:104 [5] NCCL INFO threadThresholds 8/8/64 | 128/8/64 | 512 | 512
[1,13]<stdout>:nccl-tests-gdr-16-worker-1:47:104 [5] NCCL INFO 32 coll channels, 16 nvls channels, 32 p2p channels, 2 p2p channels per peer
[1,5]<stdout>:nccl-tests-gdr-16-worker-0:47:102 [5] NCCL INFO Connected NVLS tree
[1,5]<stdout>:nccl-tests-gdr-16-worker-0:47:102 [5] NCCL INFO NCCL_ALGO set by environment to RING
[1,5]<stdout>:nccl-tests-gdr-16-worker-0:47:102 [5] NCCL INFO threadThresholds 8/8/64 | 128/8/64 | 512 | 512
[1,5]<stdout>:nccl-tests-gdr-16-worker-0:47:102 [5] NCCL INFO 32 coll channels, 16 nvls channels, 32 p2p channels, 2 p2p channels per peer
[1,15]<stdout>:nccl-tests-gdr-16-worker-1:51:102 [7] NCCL INFO Connected NVLS tree
[1,15]<stdout>:nccl-tests-gdr-16-worker-1:51:102 [7] NCCL INFO NCCL_ALGO set by environment to RING
[1,15]<stdout>:nccl-tests-gdr-16-worker-1:51:102 [7] NCCL INFO threadThresholds 8/8/64 | 128/8/64 | 512 | 512
[1,15]<stdout>:nccl-tests-gdr-16-worker-1:51:102 [7] NCCL INFO 32 coll channels, 16 nvls channels, 32 p2p channels, 2 p2p channels per peer
[1,7]<stdout>:nccl-tests-gdr-16-worker-0:51:106 [7] NCCL INFO Connected NVLS tree
[1,7]<stdout>:nccl-tests-gdr-16-worker-0:51:106 [7] NCCL INFO NCCL_ALGO set by environment to RING
[1,7]<stdout>:nccl-tests-gdr-16-worker-0:51:106 [7] NCCL INFO threadThresholds 8/8/64 | 128/8/64 | 512 | 512
[1,7]<stdout>:nccl-tests-gdr-16-worker-0:51:106 [7] NCCL INFO 32 coll channels, 16 nvls channels, 32 p2p channels, 2 p2p channels per peer
[1,12]<stdout>:nccl-tests-gdr-16-worker-1:46:99 [4] NCCL INFO Connected NVLS tree
[1,12]<stdout>:nccl-tests-gdr-16-worker-1:46:99 [4] NCCL INFO NCCL_ALGO set by environment to RING
[1,12]<stdout>:nccl-tests-gdr-16-worker-1:46:99 [4] NCCL INFO threadThresholds 8/8/64 | 128/8/64 | 512 | 512
[1,12]<stdout>:nccl-tests-gdr-16-worker-1:46:99 [4] NCCL INFO 32 coll channels, 16 nvls channels, 32 p2p channels, 2 p2p channels per peer
[1,4]<stdout>:nccl-tests-gdr-16-worker-0:46:99 [4] NCCL INFO Connected NVLS tree
[1,4]<stdout>:nccl-tests-gdr-16-worker-0:46:99 [4] NCCL INFO NCCL_ALGO set by environment to RING
[1,4]<stdout>:nccl-tests-gdr-16-worker-0:46:99 [4] NCCL INFO threadThresholds 8/8/64 | 128/8/64 | 512 | 512
[1,4]<stdout>:nccl-tests-gdr-16-worker-0:46:99 [4] NCCL INFO 32 coll channels, 16 nvls channels, 32 p2p channels, 2 p2p channels per peer
[1,9]<stdout>:nccl-tests-gdr-16-worker-1:43:98 [1] NCCL INFO comm 0x559cf6277a20 rank 9 nranks 16 cudaDev 1 nvmlDev 1 busId 12000 commId 0x135ae4bb3f72fa10 - Init COMPLETE
[1,11]<stdout>:nccl-tests-gdr-16-worker-1:45:105 [3] NCCL INFO comm 0x555fe14dc6e0 rank 11 nranks 16 cudaDev 3 nvmlDev 3 busId 14000 commId 0x135ae4bb3f72fa10 - Init COMPLETE
[1,13]<stdout>:nccl-tests-gdr-16-worker-1:47:104 [5] NCCL INFO comm 0x561d9aa381d0 rank 13 nranks 16 cudaDev 5 nvmlDev 5 busId 22000 commId 0x135ae4bb3f72fa10 - Init COMPLETE
[1,15]<stdout>:nccl-tests-gdr-16-worker-1:51:102 [7] NCCL INFO comm 0x55ef37fe2ec0 rank 15 nranks 16 cudaDev 7 nvmlDev 7 busId 24000 commId 0x135ae4bb3f72fa10 - Init COMPLETE
[1,10]<stdout>:nccl-tests-gdr-16-worker-1:44:103 [2] NCCL INFO comm 0x5590e7b85520 rank 10 nranks 16 cudaDev 2 nvmlDev 2 busId 13000 commId 0x135ae4bb3f72fa10 - Init COMPLETE
[1,14]<stdout>:nccl-tests-gdr-16-worker-1:49:101 [6] NCCL INFO comm 0x55e4eaec4d10 rank 14 nranks 16 cudaDev 6 nvmlDev 6 busId 23000 commId 0x135ae4bb3f72fa10 - Init COMPLETE
[1,8]<stdout>:nccl-tests-gdr-16-worker-1:42:100 [0] NCCL INFO comm 0x557c32bc9230 rank 8 nranks 16 cudaDev 0 nvmlDev 0 busId 11000 commId 0x135ae4bb3f72fa10 - Init COMPLETE
[1,12]<stdout>:nccl-tests-gdr-16-worker-1:46:99 [4] NCCL INFO comm 0x55ab4b2e05c0 rank 12 nranks 16 cudaDev 4 nvmlDev 4 busId 21000 commId 0x135ae4bb3f72fa10 - Init COMPLETE
[1,5]<stdout>:nccl-tests-gdr-16-worker-0:47:102 [5] NCCL INFO comm 0x558cdc13fbe0 rank 5 nranks 16 cudaDev 5 nvmlDev 5 busId 22000 commId 0x135ae4bb3f72fa10 - Init COMPLETE
[1,7]<stdout>:nccl-tests-gdr-16-worker-0:51:106 [7] NCCL INFO comm 0x563eef981c30 rank 7 nranks 16 cudaDev 7 nvmlDev 7 busId 24000 commId 0x135ae4bb3f72fa10 - Init COMPLETE
[1,4]<stdout>:nccl-tests-gdr-16-worker-0:46:99 [4] NCCL INFO comm 0x564b505a90e0 rank 4 nranks 16 cudaDev 4 nvmlDev 4 busId 21000 commId 0x135ae4bb3f72fa10 - Init COMPLETE
[1,3]<stdout>:nccl-tests-gdr-16-worker-0:45:104 [3] NCCL INFO comm 0x55683cd8c070 rank 3 nranks 16 cudaDev 3 nvmlDev 3 busId 14000 commId 0x135ae4bb3f72fa10 - Init COMPLETE
[1,6]<stdout>:nccl-tests-gdr-16-worker-0:49:103 [6] NCCL INFO comm 0x55c27c2698d0 rank 6 nranks 16 cudaDev 6 nvmlDev 6 busId 23000 commId 0x135ae4bb3f72fa10 - Init COMPLETE
[1,2]<stdout>:nccl-tests-gdr-16-worker-0:44:101 [2] NCCL INFO comm 0x5587ac0c99d0 rank 2 nranks 16 cudaDev 2 nvmlDev 2 busId 13000 commId 0x135ae4bb3f72fa10 - Init COMPLETE
[1,0]<stdout>:nccl-tests-gdr-16-worker-0:42:100 [0] NCCL INFO comm 0x55894f635660 rank 0 nranks 16 cudaDev 0 nvmlDev 0 busId 11000 commId 0x135ae4bb3f72fa10 - Init COMPLETE
[1,0]<stdout>:#
[1,0]<stdout>:#                                                              out-of-place                       in-place          
[1,0]<stdout>:#       size         count      type   redop    root     time   algbw   busbw #wrong     time   algbw   busbw #wrong
[1,0]<stdout>:#        (B)    (elements)                               (us)  (GB/s)  (GB/s)            (us)  (GB/s)  (GB/s)       
[1,1]<stdout>:nccl-tests-gdr-16-worker-0:43:105 [1] NCCL INFO comm 0x555aa74a4f90 rank 1 nranks 16 cudaDev 1 nvmlDev 1 busId 12000 commId 0x135ae4bb3f72fa10 - Init COMPLETE
[1,4]<stdout>:nccl-tests-gdr-16-worker-0:46:179 [4] NCCL INFO NCCL_IB_SPLIT_DATA_ON_QPS set by environment to 0.
[1,8]<stdout>:nccl-tests-gdr-16-worker-1:42:178 [0] NCCL INFO NCCL_IB_SPLIT_DATA_ON_QPS set by environment to 0.
[1,7]<stdout>:nccl-tests-gdr-16-worker-0:51:185 [7] NCCL INFO NCCL_IB_SPLIT_DATA_ON_QPS set by environment to 0.
[1,2]<stdout>:nccl-tests-gdr-16-worker-0:44:184 [2] NCCL INFO NCCL_IB_SPLIT_DATA_ON_QPS set by environment to 0.
[1,11]<stdout>:nccl-tests-gdr-16-worker-1:45:184 [3] NCCL INFO NCCL_IB_SPLIT_DATA_ON_QPS set by environment to 0.
[1,1]<stdout>:nccl-tests-gdr-16-worker-0:43:186 [1] NCCL INFO NCCL_IB_SPLIT_DATA_ON_QPS set by environment to 0.
[1,5]<stdout>:nccl-tests-gdr-16-worker-0:47:180 [5] NCCL INFO NCCL_IB_SPLIT_DATA_ON_QPS set by environment to 0.
[1,12]<stdout>:nccl-tests-gdr-16-worker-1:46:179 [4] NCCL INFO NCCL_IB_SPLIT_DATA_ON_QPS set by environment to 0.
[1,0]<stdout>:nccl-tests-gdr-16-worker-0:42:183 [0] NCCL INFO NCCL_IB_SPLIT_DATA_ON_QPS set by environment to 0.
[1,6]<stdout>:nccl-tests-gdr-16-worker-0:49:181 [6] NCCL INFO NCCL_IB_SPLIT_DATA_ON_QPS set by environment to 0.
[1,15]<stdout>:nccl-tests-gdr-16-worker-1:51:185 [7] NCCL INFO NCCL_IB_SPLIT_DATA_ON_QPS set by environment to 0.
[1,13]<stdout>:nccl-tests-gdr-16-worker-1:47:180 [5] NCCL INFO NCCL_IB_SPLIT_DATA_ON_QPS set by environment to 0.
[1,14]<stdout>:nccl-tests-gdr-16-worker-1:49:183 [6] NCCL INFO NCCL_IB_SPLIT_DATA_ON_QPS set by environment to 0.
[1,9]<stdout>:nccl-tests-gdr-16-worker-1:43:182 [1] NCCL INFO NCCL_IB_SPLIT_DATA_ON_QPS set by environment to 0.
[1,10]<stdout>:nccl-tests-gdr-16-worker-1:44:181 [2] NCCL INFO NCCL_IB_SPLIT_DATA_ON_QPS set by environment to 0.
[1,3]<stdout>:nccl-tests-gdr-16-worker-0:45:182 [3] NCCL INFO NCCL_IB_SPLIT_DATA_ON_QPS set by environment to 0.
[1,0]<stdout>:           8             2     float     sum      -1    61.65    0.00    0.00      0    34.72    0.00    0.00      0
[1,0]<stdout>:          16             4     float     sum      -1    34.73    0.00    0.00      0    34.86    0.00    0.00      0
[1,0]<stdout>:          32             8     float     sum      -1    43.56    0.00    0.00      0    35.69    0.00    0.00      0
[1,0]<stdout>:          64            16     float     sum      -1    35.93    0.00    0.00      0    35.70    0.00    0.00      0
[1,0]<stdout>:         128            32     float     sum      -1    36.32    0.00    0.01      0    35.89    0.00    0.01      0
[1,0]<stdout>:         256            64     float     sum      -1    55.17    0.00    0.01      0    36.14    0.01    0.01      0
[1,0]<stdout>:         512           128     float     sum      -1    52.27    0.01    0.02      0    36.50    0.01    0.03      0
[1,0]<stdout>:        1024           256     float     sum      -1    52.81    0.02    0.04      0    38.78    0.03    0.05      0
[1,0]<stdout>:        2048           512     float     sum      -1    42.43    0.05    0.09      0    47.02    0.04    0.08      0
[1,0]<stdout>:        4096          1024     float     sum      -1    43.33    0.09    0.18      0    42.58    0.10    0.18      0
[1,0]<stdout>:        8192          2048     float     sum      -1    45.29    0.18    0.34      0    45.11    0.18    0.34      0
[1,0]<stdout>:       16384          4096     float     sum      -1    46.98    0.35    0.65      0    46.42    0.35    0.66      0
[1,0]<stdout>:       32768          8192     float     sum      -1    55.61    0.59    1.10      0    55.27    0.59    1.11      0
[1,0]<stdout>:       65536         16384     float     sum      -1    54.15    1.21    2.27      0    62.26    1.05    1.97      0
[1,0]<stdout>:      131072         32768     float     sum      -1    74.35    1.76    3.31      0    71.36    1.84    3.44      0
[1,0]<stdout>:      262144         65536     float     sum      -1    112.5    2.33    4.37      0    82.95    3.16    5.93      0
[1,0]<stdout>:      524288        131072     float     sum      -1    123.8    4.24    7.94      0    124.0    4.23    7.93      0
[1,0]<stdout>:     1048576        262144     float     sum      -1    287.8    3.64    6.83      0    288.9    3.63    6.81      0
[1,0]<stdout>:     2097152        524288     float     sum      -1    224.6    9.34   17.51      0    186.9   11.22   21.04      0
[1,0]<stdout>:     4194304       1048576     float     sum      -1    153.0   27.42   51.41      0    150.0   27.96   52.43      0
[1,0]<stdout>:     8388608       2097152     float     sum      -1    178.4   47.02   88.16      0    162.8   51.51   96.59      0
[1,0]<stdout>:    16777216       4194304     float     sum      -1    176.5   95.06  178.25      0    170.8   98.20  184.13      0
[1,0]<stdout>:    33554432       8388608     float     sum      -1    255.1  131.52  246.60      0    286.6  117.07  219.50      0
[1,0]<stdout>:    67108864      16777216     float     sum      -1    413.4  162.35  304.41      0    411.5  163.09  305.79      0
[1,0]<stdout>:   134217728      33554432     float     sum      -1    716.0  187.45  351.46      0    711.2  188.73  353.86      0
[1,0]<stdout>:   268435456      67108864     float     sum      -1   1340.4  200.26  375.49      0   1346.8  199.31  373.70      0
[1,0]<stdout>:   536870912     134217728     float     sum      -1   2627.4  204.34  383.13      0   2628.5  204.25  382.97      0
[1,0]<stdout>:  1073741824     268435456     float     sum      -1   5203.1  206.37  386.94      0   5201.7  206.42  387.04      0
[1,0]<stdout>:  2147483648     536870912     float     sum      -1    10317  208.15  390.29      0    10317  208.15  390.28      0
[1,0]<stdout>:nccl-tests-gdr-16-worker-0:42:42 [0] NCCL INFO comm 0x55894f635660 rank 0 nranks 16 cudaDev 0 busId 11000 - Destroy COMPLETE
[1,10]<stdout>:nccl-tests-gdr-16-worker-1:44:44 [2] NCCL INFO comm 0x5590e7b85520 rank 10 nranks 16 cudaDev 2 busId 13000 - Destroy COMPLETE
[1,7]<stdout>:nccl-tests-gdr-16-worker-0:51:51 [7] NCCL INFO comm 0x563eef981c30 rank 7 nranks 16 cudaDev 7 busId 24000 - Destroy COMPLETE
[1,0]<stdout>:# Out of bounds values : 0 OK
[1,0]<stdout>:# Avg bus bandwidth    : 96.4945 
[1,0]<stdout>:#
[1,11]<stdout>:nccl-tests-gdr-16-worker-1:45:45 [3] NCCL INFO comm 0x555fe14dc6e0 rank 11 nranks 16 cudaDev 3 busId 14000 - Destroy COMPLETE
[1,1]<stdout>:nccl-tests-gdr-16-worker-0:43:43 [1] NCCL INFO comm 0x555aa74a4f90 rank 1 nranks 16 cudaDev 1 busId 12000 - Destroy COMPLETE
[1,9]<stdout>:nccl-tests-gdr-16-worker-1:43:43 [1] NCCL INFO comm 0x559cf6277a20 rank 9 nranks 16 cudaDev 1 busId 12000 - Destroy COMPLETE
[1,6]<stdout>:nccl-tests-gdr-16-worker-0:49:49 [6] NCCL INFO comm 0x55c27c2698d0 rank 6 nranks 16 cudaDev 6 busId 23000 - Destroy COMPLETE
[1,13]<stdout>:nccl-tests-gdr-16-worker-1:47:47 [5] NCCL INFO comm 0x561d9aa381d0 rank 13 nranks 16 cudaDev 5 busId 22000 - Destroy COMPLETE
[1,12]<stdout>:nccl-tests-gdr-16-worker-1:46:46 [4] NCCL INFO comm 0x55ab4b2e05c0 rank 12 nranks 16 cudaDev 4 busId 21000 - Destroy COMPLETE
[1,5]<stdout>:nccl-tests-gdr-16-worker-0:47:47 [5] NCCL INFO comm 0x558cdc13fbe0 rank 5 nranks 16 cudaDev 5 busId 22000 - Destroy COMPLETE
[1,14]<stdout>:nccl-tests-gdr-16-worker-1:49:49 [6] NCCL INFO comm 0x55e4eaec4d10 rank 14 nranks 16 cudaDev 6 busId 23000 - Destroy COMPLETE
[1,3]<stdout>:nccl-tests-gdr-16-worker-0:45:45 [3] NCCL INFO comm 0x55683cd8c070 rank 3 nranks 16 cudaDev 3 busId 14000 - Destroy COMPLETE
[1,15]<stdout>:nccl-tests-gdr-16-worker-1:51:51 [7] NCCL INFO comm 0x55ef37fe2ec0 rank 15 nranks 16 cudaDev 7 busId 24000 - Destroy COMPLETE
[1,4]<stdout>:nccl-tests-gdr-16-worker-0:46:46 [4] NCCL INFO comm 0x564b505a90e0 rank 4 nranks 16 cudaDev 4 busId 21000 - Destroy COMPLETE
[1,8]<stdout>:nccl-tests-gdr-16-worker-1:42:42 [0] NCCL INFO comm 0x557c32bc9230 rank 8 nranks 16 cudaDev 0 busId 11000 - Destroy COMPLETE
[1,2]<stdout>:nccl-tests-gdr-16-worker-0:44:44 [2] NCCL INFO comm 0x5587ac0c99d0 rank 2 nranks 16 cudaDev 2 busId 13000 - Destroy COMPLETE
[1,0]<stdout>:
